Component: ARM Compiler 5.06 update 1 (build 61) Tool: armlink [4d35a8]

==============================================================================

Section Cross References

    startup_stm32f103xb.o(STACK) refers (Special) to heapauxi.o(.text) for __use_two_region_memory
    startup_stm32f103xb.o(HEAP) refers (Special) to heapauxi.o(.text) for __use_two_region_memory
    startup_stm32f103xb.o(RESET) refers (Special) to heapauxi.o(.text) for __use_two_region_memory
    startup_stm32f103xb.o(RESET) refers to startup_stm32f103xb.o(STACK) for __initial_sp
    startup_stm32f103xb.o(RESET) refers to startup_stm32f103xb.o(.text) for Reset_Handler
    startup_stm32f103xb.o(RESET) refers to stm32f1xx_it.o(i.NMI_Handler) for NMI_Handler
    startup_stm32f103xb.o(RESET) refers to stm32f1xx_it.o(i.HardFault_Handler) for HardFault_Handler
    startup_stm32f103xb.o(RESET) refers to stm32f1xx_it.o(i.MemManage_Handler) for MemManage_Handler
    startup_stm32f103xb.o(RESET) refers to stm32f1xx_it.o(i.BusFault_Handler) for BusFault_Handler
    startup_stm32f103xb.o(RESET) refers to stm32f1xx_it.o(i.UsageFault_Handler) for UsageFault_Handler
    startup_stm32f103xb.o(RESET) refers to stm32f1xx_it.o(i.SVC_Handler) for SVC_Handler
    startup_stm32f103xb.o(RESET) refers to stm32f1xx_it.o(i.DebugMon_Handler) for DebugMon_Handler
    startup_stm32f103xb.o(RESET) refers to stm32f1xx_it.o(i.PendSV_Handler) for PendSV_Handler
    startup_stm32f103xb.o(RESET) refers to stm32f1xx_it.o(i.SysTick_Handler) for SysTick_Handler
    startup_stm32f103xb.o(RESET) refers to stm32f1xx_it.o(i.USART1_IRQHandler) for USART1_IRQHandler
    startup_stm32f103xb.o(.text) refers (Special) to heapauxi.o(.text) for __use_two_region_memory
    startup_stm32f103xb.o(.text) refers to system_stm32f1xx.o(i.SystemInit) for SystemInit
    startup_stm32f103xb.o(.text) refers to __main.o(!!!main) for __main
    startup_stm32f103xb.o(.text) refers to startup_stm32f103xb.o(HEAP) for Heap_Mem
    startup_stm32f103xb.o(.text) refers to startup_stm32f103xb.o(STACK) for Stack_Mem
    main.o(i.HAL_UART_RxCpltCallback) refers to stm32f1xx_hal_gpio.o(i.HAL_GPIO_WritePin) for HAL_GPIO_WritePin
    main.o(i.HAL_UART_RxCpltCallback) refers to liquidcrystal_i2c.o(i.lcd_set_cursor) for lcd_set_cursor
    main.o(i.HAL_UART_RxCpltCallback) refers to liquidcrystal_i2c.o(i.lcd_printf) for lcd_printf
    main.o(i.HAL_UART_RxCpltCallback) refers to stm32f1xx_hal_uart.o(i.HAL_UART_Receive_IT) for HAL_UART_Receive_IT
    main.o(i.HAL_UART_RxCpltCallback) refers to main.o(.data) for .data
    main.o(i.HAL_UART_RxCpltCallback) refers to main.o(.bss) for .bss
    main.o(i.SystemClock_Config) refers to stm32f1xx_hal_rcc.o(i.HAL_RCC_OscConfig) for HAL_RCC_OscConfig
    main.o(i.SystemClock_Config) refers to stm32f1xx_hal_rcc.o(i.HAL_RCC_ClockConfig) for HAL_RCC_ClockConfig
    main.o(i.SystemClock_Config) refers to stm32f1xx_hal_rcc_ex.o(i.HAL_RCCEx_PeriphCLKConfig) for HAL_RCCEx_PeriphCLKConfig
    main.o(i.btn_pressing_callback) refers to main.o(.data) for .data
    main.o(i.btn_pressing_callback) refers to main.o(.bss) for .bss
    main.o(i.lcd_DateMonthYear) refers to liquidcrystal_i2c.o(i.lcd_set_cursor) for lcd_set_cursor
    main.o(i.lcd_DateMonthYear) refers to liquidcrystal_i2c.o(i.lcd_printf) for lcd_printf
    main.o(i.lcd_DateMonthYear) refers to main.o(.bss) for .bss
    main.o(i.lcd_handle) refers to liquidcrystal_i2c.o(i.lcd_clear_display) for lcd_clear_display
    main.o(i.lcd_handle) refers to liquidcrystal_i2c.o(i.lcd_set_cursor) for lcd_set_cursor
    main.o(i.lcd_handle) refers to liquidcrystal_i2c.o(i.lcd_printf) for lcd_printf
    main.o(i.lcd_handle) refers to button.o(i.button_handle) for button_handle
    main.o(i.lcd_handle) refers to stm32f1xx_hal_gpio.o(i.HAL_GPIO_WritePin) for HAL_GPIO_WritePin
    main.o(i.lcd_handle) refers to main.o(i.lcd_DateMonthYear) for lcd_DateMonthYear
    main.o(i.lcd_handle) refers to main.o(i.set_alarm) for set_alarm
    main.o(i.lcd_handle) refers to rtc.o(i.RTC_ReadTime) for RTC_ReadTime
    main.o(i.lcd_handle) refers to stm32f1xx_hal_gpio.o(i.HAL_GPIO_TogglePin) for HAL_GPIO_TogglePin
    main.o(i.lcd_handle) refers to stm32f1xx_hal.o(i.HAL_GetTick) for HAL_GetTick
    main.o(i.lcd_handle) refers to stm32f1xx_hal_gpio.o(i.HAL_GPIO_ReadPin) for HAL_GPIO_ReadPin
    main.o(i.lcd_handle) refers to button.o(i.button_delay) for button_delay
    main.o(i.lcd_handle) refers to stm32f1xx_hal_adc_ex.o(i.HAL_ADCEx_Calibration_Start) for HAL_ADCEx_Calibration_Start
    main.o(i.lcd_handle) refers to stm32f1xx_hal_adc.o(i.HAL_ADC_Start) for HAL_ADC_Start
    main.o(i.lcd_handle) refers to stm32f1xx_hal_adc.o(i.HAL_ADC_PollForConversion) for HAL_ADC_PollForConversion
    main.o(i.lcd_handle) refers to stm32f1xx_hal_adc.o(i.HAL_ADC_GetValue) for HAL_ADC_GetValue
    main.o(i.lcd_handle) refers to stm32f1xx_hal_adc.o(i.HAL_ADC_Stop) for HAL_ADC_Stop
[...]
    .ARM.Collect$$_printf_percent$$00000002  0x08000166   Section        6  _printf_p.o(.ARM.Collect$$_printf_percent$$00000002)
    .ARM.Collect$$_printf_percent$$00000003  0x0800016c   Section        6  _printf_f.o(.ARM.Collect$$_printf_percent$$00000003)
    .ARM.Collect$$_printf_percent$$00000004  0x08000172   Section        6  _printf_e.o(.ARM.Collect$$_printf_percent$$00000004)
    .ARM.Collect$$_printf_percent$$00000005  0x08000178   Section        6  _printf_g.o(.ARM.Collect$$_printf_percent$$00000005)
    .ARM.Collect$$_printf_percent$$00000006  0x0800017e   Section        6  _printf_a.o(.ARM.Collect$$_printf_percent$$00000006)
    .ARM.Collect$$_printf_percent$$00000007  0x08000184   Section       10  _printf_ll.o(.ARM.Collect$$_printf_percent$$00000007)
    .ARM.Collect$$_printf_percent$$00000008  0x0800018e   Section        6  _printf_i.o(.ARM.Collect$$_printf_percent$$00000008)
    .ARM.Collect$$_printf_percent$$00000009  0x08000194   Section        6  _printf_d.o(.ARM.Collect$$_printf_percent$$00000009)
    .ARM.Collect$$_printf_percent$$0000000A  0x0800019a   Section        6  _printf_u.o(.ARM.Collect$$_printf_percent$$0000000A)
    .ARM.Collect$$_printf_percent$$0000000B  0x080001a0   Section        6  _printf_o.o(.ARM.Collect$$_printf_percent$$0000000B)
    .ARM.Collect$$_printf_percent$$0000000C  0x080001a6   Section        6  _printf_x.o(.ARM.Collect$$_printf_percent$$0000000C)
    .ARM.Collect$$_printf_percent$$0000000D  0x080001ac   Section        6  _printf_lli.o(.ARM.Collect$$_printf_percent$$0000000D)
    .ARM.Collect$$_printf_percent$$0000000E  0x080001b2   Section        6  _printf_lld.o(.ARM.Collect$$_printf_percent$$0000000E)
    .ARM.Collect$$_printf_percent$$0000000F  0x080001b8   Section        6  _printf_llu.o(.ARM.Collect$$_printf_percent$$0000000F)
    .ARM.Collect$$_printf_percent$$00000010  0x080001be   Section        6  _printf_llo.o(.ARM.Collect$$_printf_percent$$00000010)
    .ARM.Collect$$_printf_percent$$00000011  0x080001c4   Section        6  _printf_llx.o(.ARM.Collect$$_printf_percent$$00000011)
    .ARM.Collect$$_printf_percent$$00000012  0x080001ca   Section       10  _printf_l.o(.ARM.Collect$$_printf_percent$$00000012)
    .ARM.Collect$$_printf_percent$$00000013  0x080001d4   Section        6  _printf_c.o(.ARM.Collect$$_printf_percent$$00000013)
    .ARM.Collect$$_printf_percent$$00000014  0x080001da   Section        6  _printf_s.o(.ARM.Collect$$_printf_percent$$00000014)
    .ARM.Collect$$_printf_percent$$00000015  0x080001e0   Section        6  _printf_lc.o(.ARM.Collect$$_printf_percent$$00000015)
    .ARM.Collect$$_printf_percent$$00000016  0x080001e6   Section        6  _printf_ls.o(.ARM.Collect$$_printf_percent$$00000016)
    .ARM.Collect$$_printf_percent$$00000017  0x080001ec   Section        4  _printf_percent_end.o(.ARM.Collect$$_printf_percent$$00000017)
    .ARM.Collect$$libinit$$00000000          0x080001f0   Section        2  libinit.o(.ARM.Collect$$libinit$$00000000)
    .ARM.Collect$$libinit$$00000002          0x080001f2   Section        0  libinit2.o(.ARM.Collect$$libinit$$00000002)
    .ARM.Collect$$libinit$$00000004          0x080001f2   Section        0  libinit2.o(.ARM.Collect$$libinit$$00000004)
    .ARM.Collect$$libinit$$0000000A          0x080001f2   Section        0  libinit2.o(.ARM.Collect$$libinit$$0000000A)
    .ARM.Collect$$libinit$$0000000C          0x080001f2   Section        0  libinit2.o(.ARM.Collect$$libinit$$0000000C)
    .ARM.Collect$$libinit$$0000000E          0x080001f2   Section        0  libinit2.o(.ARM.Collect$$libinit$$0000000E)
    .ARM.Collect$$libinit$$0000000F          0x080001f2   Section        6  libinit2.o(.ARM.Collect$$libinit$$0000000F)
    .ARM.Collect$$libinit$$00000011          0x080001f8   Section        0  libinit2.o(.ARM.Collect$$libinit$$00000011)
    .ARM.Collect$$libinit$$00000012          0x080001f8   Section       12  libinit2.o(.ARM.Collect$$libinit$$00000012)
    .ARM.Collect$$libinit$$00000013          0x08000204   Section        0  libinit2.o(.ARM.Collect$$libinit$$00000013)
    .ARM.Collect$$libinit$$00000015          0x08000204   Section        0  libinit2.o(.ARM.Collect$$libinit$$00000015)
    .ARM.Collect$$libinit$$00000016          0x08000204   Section       10  libinit2.o(.ARM.Collect$$libinit$$00000016)
    .ARM.Collect$$libinit$$00000017          0x0800020e   Section        0  libinit2.o(.ARM.Collect$$libinit$$00000017)
    .ARM.Collect$$libinit$$00000019          0x0800020e   Section        0  libinit2.o(.ARM.Collect$$libinit$$00000019)
    .ARM.Collect$$libinit$$0000001B          0x0800020e   Section        0  libinit2.o(.ARM.Collect$$libinit$$0000001B)
    .ARM.Collect$$libinit$$0000001D          0x0800020e   Section        0  libinit2.o(.ARM.Collect$$libinit$$0000001D)
    .ARM.Collect$$libinit$$0000001F          0x0800020e   Section        0  libinit2.o(.ARM.Collect$$libinit$$0000001F)
    .ARM.Collect$$libinit$$00000021          0x0800020e   Section        0  libinit2.o(.ARM.Collect$$libinit$$00000021)
    .ARM.Collect$$libinit$$00000023          0x0800020e   Section        0  libinit2.o(.ARM.Collect$$libinit$$00000023)
    .ARM.Collect$$libinit$$00000025          0x0800020e   Section        0  libinit2.o(.ARM.Collect$$libinit$$00000025)
    .ARM.Collect$$libinit$$0000002C          0x0800020e   Section        0  libinit2.o(.ARM.Collect$$libinit$$0000002C)
    .ARM.Collect$$libinit$$0000002E          0x0800020e   Section        0  libinit2.o(.ARM.Collect$$libinit$$0000002E)
    .ARM.Collect$$libinit$$00000030          0x0800020e   Section        0  libinit2.o(.ARM.Collect$$libinit$$00000030)
    .ARM.Collect$$libinit$$00000032          0x0800020e   Section        0  libinit2.o(.ARM.Collect$$libinit$$00000032)
    .ARM.Collect$$libinit$$00000033          0x0800020e   Section        2  libinit2.o(.ARM.Collect$$libinit$$00000033)
    .ARM.Collect$$libshutdown$$00000000      0x08000210   Section        2  libshutdown.o(.ARM.Collect$$libshutdown$$00000000)
    .ARM.Collect$$libshutdown$$00000002      0x08000212   Section        0  libshutdown2.o(.ARM.Collect$$libshutdown$$00000002)
    .ARM.Collect$$libshutdown$$00000004      0x08000212   Section        0  libshutdown2.o(.ARM.Collect$$libshutdown$$00000004)
    .ARM.Collect$$libshutdown$$00000007      0x08000212   Section        0  libshutdown2.o(.ARM.Collect$$libshutdown$$00000007)
    .ARM.Collect$$libshutdown$$0000000A      0x08000212   Section        0  libshutdown2.o(.ARM.Collect$$libshutdown$$0000000A)
    .ARM.Collect$$libshutdown$$0000000C      0x08000212   Section        0  libshutdown2.o(.ARM.Collect$$libshutdown$$0000000C)
    .ARM.Collect$$libshutdown$$0000000F      0x08000212   Section        0  libshutdown2.o(.ARM.Collect$$libshutdown$$0000000F)
    .ARM.Collect$$libshutdown$$00000010      0x08000212   Section        2  libshutdown2.o(.ARM.Collect$$libshutdown$$00000010)
    .ARM.Collect$$rtentry$$00000000          0x08000214   Section        0  __rtentry.o(.ARM.Collect$$rtentry$$00000000)
    .ARM.Collect$$rtentry$$00000002          0x08000214   Section        0  __rtentry2.o(.ARM.Collect$$rtentry$$00000002)
    .ARM.Collect$$rtentry$$00000004          0x08000214   Section        6  __rtentry4.o(.ARM.Collect$$rtentry$$00000004)
    .ARM.Collect$$rtentry$$00000009          0x0800021a   Section        0  __rtentry2.o(.ARM.Collect$$rtentry$$00000009)
    .ARM.Collect$$rtentry$$0000000A          0x0800021a   Section        4  __rtentry2.o(.ARM.Collect$$rtentry$$0000000A)
    .ARM.Collect$$rtentry$$0000000C          0x0800021e   Section        0  __rtentry2.o(.ARM.Collect$$rtentry$$0000000C)
    .ARM.Collect$$rtentry$$0000000D          0x0800021e   Section        8  __rtentry2.o(.ARM.Collect$$rtentry$$0000000D)
    .ARM.Collect$$rtexit$$00000000           0x08000226   Section        2  rtexit.o(.ARM.Collect$$rtexit$$00000000)
    .ARM.Collect$$rtexit$$00000002           0x08000228   Section        0  rtexit2.o(.ARM.Collect$$rtexit$$00000002)
    .ARM.Collect$$rtexit$$00000003           0x08000228   Section        4  rtexit2.o(.ARM.Collect$$rtexit$$00000003)
    .ARM.Collect$$rtexit$$00000004           0x0800022c   Section        6  rtexit2.o(.ARM.Collect$$rtexit$$00000004)
    .text                                    0x08000234   Section       64  startup_stm32f103xb.o(.text)
    .text                                    0x08000274   Section        0  vsprintf.o(.text)
    .text                                    0x08000298   Section        0  strlen.o(.text)
    .text                                    0x080002d6   Section        0  heapauxi.o(.text)
    .text                                    0x080002dc   Section        0  _printf_pad.o(.text)
    .text                                    0x0800032a   Section        0  _printf_truncate.o(.text)
    .text                                    0x0800034e   Section        0  _printf_str.o(.text)
    .text                                    0x080003a0   Section        0  _printf_dec.o(.text)
    .text                                    0x08000418   Section        0  _printf_charcount.o(.text)
    .text                                    0x08000440   Section        0  _printf_char_common.o(.text)
    _printf_input_char                       0x08000441   Thumb Code    10  _printf_char_common.o(.text)
    .text                                    0x08000470   Section        0  _sputc.o(.text)
    .text                                    0x0800047c   Section        0  _printf_wctomb.o(.text)
    .text                                    0x08000538   Section        0  _printf_longlong_dec.o(.text)
    .text                                    0x080005b4   Section        0  _printf_oct_int_ll.o(.text)
    _printf_longlong_oct_internal            0x080005b5   Thumb Code     0  _printf_oct_int_ll.o(.text)
    .text                                    0x08000624   Section        0  _printf_hex_int_ll_ptr.o(.text)
    _printf_hex_common                       0x08000625   Thumb Code     0  _printf_hex_int_ll_ptr.o(.text)
    .text                                    0x080006b8   Section        0  __printf_flags_ss_wp.o(.text)
    .text                                    0x08000840   Section      138  lludiv10.o(.text)
    .text                                    0x080008ca   Section        0  _printf_intcommon.o(.text)
    .text                                    0x0800097c   Section        0  _printf_fp_dec.o(.text)
    _fp_digits                               0x0800097f   Thumb Code   428  _printf_fp_dec.o(.text)
    .text                                    0x08000d98   Section        0  _printf_fp_hex.o(.text)
    .text                                    0x08001094   Section        0  _printf_char.o(.text)
    .text                                    0x080010c0   Section        0  _printf_wchar.o(.text)
    .text                                    0x080010ec   Section        0  _wcrtomb.o(.text)
    .text                                    0x0800112c   Section       74  sys_stackheap_outer.o(.text)
    .text                                    0x08001178   Section       16  rt_ctype_table.o(.text)
    .text                                    0x08001188   Section        8  rt_locale_intlibspace.o(.text)
    .text                                    0x08001190   Section        0  _printf_fp_infnan.o(.text)
    .text                                    0x08001210   Section        0  bigflt0.o(.text)
    .text                                    0x080012ec   Section        0  exit.o(.text)
    .text                                    0x08001300   Section        8  libspace.o(.text)
    .text                                    0x08001308   Section      128  strcmpv7m.o(.text)
    .text                                    0x08001388   Section        0  sys_exit.o(.text)
    .text                                    0x08001394   Section        2  use_no_semi.o(.text)
    .text                                    0x08001396   Section        0  indicate_semi.o(.text)
    CL$$btod_d2e                             0x08001396   Section       62  btod.o(CL$$btod_d2e)
    CL$$btod_d2e_denorm_low                  0x080013d4   Section       70  btod.o(CL$$btod_d2e_denorm_low)
    CL$$btod_d2e_norm_op1                    0x0800141a   Section       96  btod.o(CL$$btod_d2e_norm_op1)
    CL$$btod_div_common                      0x0800147a   Section      824  btod.o(CL$$btod_div_common)
    CL$$btod_e2e                             0x080017b2   Section      198  btod.o(CL$$btod_e2e)
    CL$$btod_ediv                            0x08001878   Section       40  btod.o(CL$$btod_ediv)
    CL$$btod_emul                            0x080018a0   Section       40  btod.o(CL$$btod_emul)
    CL$$btod_mult_common                     0x080018c8   Section      580  btod.o(CL$$btod_mult_common)
    i.ADC_ConversionStop_Disable             0x08001b0c   Section        0  stm32f1xx_hal_adc.o(i.ADC_ConversionStop_Disable)
    i.ADC_Enable                             0x08001b6c   Section        0  stm32f1xx_hal_adc.o(i.ADC_Enable)
    i.BusFault_Handler                       0x08001c2c   Section        0  stm32f1xx_it.o(i.BusFault_Handler)
    i.DebugMon_Handler                       0x08001c2e   Section        0  stm32f1xx_it.o(i.DebugMon_Handler)
    i.HAL_ADCEx_Calibration_Start            0x08001c30   Section        0  stm32f1xx_hal_adc_ex.o(i.HAL_ADCEx_Calibration_Start)
    i.HAL_ADC_ConfigChannel                  0x08001d5c   Section        0  stm32f1xx_hal_adc.o(i.HAL_ADC_ConfigChannel)
    i.HAL_ADC_GetValue                       0x08001eb8   Section        0  stm32f1xx_hal_adc.o(i.HAL_ADC_GetValue)
    i.HAL_ADC_Init                           0x08001ec0   Section        0  stm32f1xx_hal_adc.o(i.HAL_ADC_Init)
    i.HAL_ADC_MspInit                        0x08001fe0   Section        0  stm32f1xx_hal_msp.o(i.HAL_ADC_MspInit)
    i.HAL_ADC_PollForConversion              0x0800203c   Section        0  stm32f1xx_hal_adc.o(i.HAL_ADC_PollForConversion)
    i.HAL_ADC_Start                          0x080021a0   Section        0  stm32f1xx_hal_adc.o(i.HAL_ADC_Start)
    i.HAL_ADC_Stop                           0x08002274   Section        0  stm32f1xx_hal_adc.o(i.HAL_ADC_Stop)
    i.HAL_DMA_Abort                          0x080022a6   Section        0  stm32f1xx_hal_dma.o(i.HAL_DMA_Abort)
    i.HAL_DMA_Abort_IT                       0x080022f0   Section        0  stm32f1xx_hal_dma.o(i.HAL_DMA_Abort_IT)
    i.HAL_Delay                              0x08002398   Section        0  stm32f1xx_hal.o(i.HAL_Delay)
    i.HAL_GPIO_Init                          0x080023c0   Section        0  stm32f1xx_hal_gpio.o(i.HAL_GPIO_Init)
    i.HAL_GPIO_ReadPin                       0x080025a4   Section        0  stm32f1xx_hal_gpio.o(i.HAL_GPIO_ReadPin)
    i.HAL_GPIO_TogglePin                     0x080025ae   Section        0  stm32f1xx_hal_gpio.o(i.HAL_GPIO_TogglePin)
    i.HAL_GPIO_WritePin                      0x080025be   Section        0  stm32f1xx_hal_gpio.o(i.HAL_GPIO_WritePin)
    i.HAL_GetTick                            0x080025c8   Section        0  stm32f1xx_hal.o(i.HAL_GetTick)
    i.HAL_I2C_Init                           0x080025d4   Section        0  stm32f1xx_hal_i2c.o(i.HAL_I2C_Init)
    i.HAL_I2C_Master_Receive                 0x0800277c   Section        0  stm32f1xx_hal_i2c.o(i.HAL_I2C_Master_Receive)
    i.HAL_I2C_Master_Transmit                0x08002b4c   Section        0  stm32f1xx_hal_i2c.o(i.HAL_I2C_Master_Transmit)
    i.HAL_I2C_MspInit                        0x08002d70   Section        0  stm32f1xx_hal_msp.o(i.HAL_I2C_MspInit)
    i.HAL_IncTick                            0x08002e08   Section        0  stm32f1xx_hal.o(i.HAL_IncTick)
    i.HAL_Init                               0x08002e18   Section        0  stm32f1xx_hal.o(i.HAL_Init)
    i.HAL_InitTick                           0x08002e3c   Section        0  stm32f1xx_hal.o(i.HAL_InitTick)
    i.HAL_MspInit                            0x08002e7c   Section        0  stm32f1xx_hal_msp.o(i.HAL_MspInit)
    i.HAL_NVIC_EnableIRQ                     0x08002ebc   Section        0  stm32f1xx_hal_cortex.o(i.HAL_NVIC_EnableIRQ)
    i.HAL_NVIC_SetPriority                   0x08002edc   Section        0  stm32f1xx_hal_cortex.o(i.HAL_NVIC_SetPriority)
    i.HAL_NVIC_SetPriorityGrouping           0x08002f40   Section        0  stm32f1xx_hal_cortex.o(i.HAL_NVIC_SetPriorityGrouping)
    i.HAL_RCCEx_GetPeriphCLKFreq             0x08002f64   Section        0  stm32f1xx_hal_rcc_ex.o(i.HAL_RCCEx_GetPeriphCLKFreq)
    i.HAL_RCCEx_PeriphCLKConfig              0x08003068   Section        0  stm32f1xx_hal_rcc_ex.o(i.HAL_RCCEx_PeriphCLKConfig)
    i.HAL_RCC_ClockConfig                    0x08003194   Section        0  stm32f1xx_hal_rcc.o(i.HAL_RCC_ClockConfig)
    i.HAL_RCC_GetPCLK1Freq                   0x08003358   Section        0  stm32f1xx_hal_rcc.o(i.HAL_RCC_GetPCLK1Freq)
    i.HAL_RCC_GetPCLK2Freq                   0x08003378   Section        0  stm32f1xx_hal_rcc.o(i.HAL_RCC_GetPCLK2Freq)
    i.HAL_RCC_GetSysClockFreq                0x08003398   Section        0  stm32f1xx_hal_rcc.o(i.HAL_RCC_GetSysClockFreq)
    i.HAL_RCC_OscConfig                      0x08003410   Section        0  stm32f1xx_hal_rcc.o(i.HAL_RCC_OscConfig)
    i.HAL_SYSTICK_Config                     0x080037d8   Section        0  stm32f1xx_hal_cortex.o(i.HAL_SYSTICK_Config)
    i.HAL_UARTEx_RxEventCallback             0x08003804   Section        0  stm32f1xx_hal_uart.o(i.HAL_UARTEx_RxEventCallback)
    i.HAL_UART_ErrorCallback                 0x08003806   Section        0  stm32f1xx_hal_uart.o(i.HAL_UART_ErrorCallback)
    i.HAL_UART_IRQHandler                    0x08003808   Section        0  stm32f1xx_hal_uart.o(i.HAL_UART_IRQHandler)
    i.HAL_UART_Init                          0x08003a78   Section        0  stm32f1xx_hal_uart.o(i.HAL_UART_Init)
    i.HAL_UART_MspInit                       0x08003adc   Section        0  stm32f1xx_hal_msp.o(i.HAL_UART_MspInit)
    i.HAL_UART_Receive_IT                    0x08003b60   Section        0  stm32f1xx_hal_uart.o(i.HAL_UART_Receive_IT)
    i.HAL_UART_RxCpltCallback                0x08003bb8   Section        0  main.o(i.HAL_UART_RxCpltCallback)
    i.HAL_UART_TxCpltCallback                0x08003c3c   Section        0  stm32f1xx_hal_uart.o(i.HAL_UART_TxCpltCallback)
    i.HardFault_Handler                      0x08003c3e   Section        0  stm32f1xx_it.o(i.HardFault_Handler)
    i.I2C_WaitOnFlagUntilTimeout             0x08003c40   Section        0  stm32f1xx_hal_i2c.o(i.I2C_WaitOnFlagUntilTimeout)
    I2C_WaitOnFlagUntilTimeout               0x08003c41   Thumb Code   166  stm32f1xx_hal_i2c.o(i.I2C_WaitOnFlagUntilTimeout)
    i.I2C_WaitOnMasterAddressFlagUntilTimeout 0x08003ce6   Section        0  stm32f1xx_hal_i2c.o(i.I2C_WaitOnMasterAddressFlagUntilTimeout)
    I2C_WaitOnMasterAddressFlagUntilTimeout  0x08003ce7   Thumb Code   200  stm32f1xx_hal_i2c.o(i.I2C_WaitOnMasterAddressFlagUntilTimeout)
    i.I2C_WaitOnTXEFlagUntilTimeout          0x08003dae   Section        0  stm32f1xx_hal_i2c.o(i.I2C_WaitOnTXEFlagUntilTimeout)
    I2C_WaitOnTXEFlagUntilTimeout            0x08003daf   Thumb Code   136  stm32f1xx_hal_i2c.o(i.I2C_WaitOnTXEFlagUntilTimeout)
    i.MemManage_Handler                      0x08003e36   Section        0  stm32f1xx_it.o(i.MemManage_Handler)
    i.NMI_Handler                            0x08003e38   Section        0  stm32f1xx_it.o(i.NMI_Handler)
    i.PendSV_Handler                         0x08003e3a   Section        0  stm32f1xx_it.o(i.PendSV_Handler)
    i.RTC_Init                               0x08003e3c   Section        0  rtc.o(i.RTC_Init)
    i.RTC_ReadTime                           0x08003e40   Section        0  rtc.o(i.RTC_ReadTime)
    i.SVC_Handler                            0x08003efc   Section        0  stm32f1xx_it.o(i.SVC_Handler)
    i.SysTick_Handler                        0x08003efe   Section        0  stm32f1xx_it.o(i.SysTick_Handler)
    i.SystemInit                             0x08003f02   Section        0  system_stm32f1xx.o(i.SystemInit)
    i.UART_DMAAbortOnError                   0x08003f04   Section        0  stm32f1xx_hal_uart.o(i.UART_DMAAbortOnError)
    UART_DMAAbortOnError                     0x08003f05   Thumb Code    16  stm32f1xx_hal_uart.o(i.UART_DMAAbortOnError)
    i.UART_Receive_IT                        0x08003f14   Section        0  stm32f1xx_hal_uart.o(i.UART_Receive_IT)
    UART_Receive_IT                          0x08003f15   Thumb Code   186  stm32f1xx_hal_uart.o(i.UART_Receive_IT)
    i.UART_SetConfig                         0x08003fd0   Section        0  stm32f1xx_hal_uart.o(i.UART_SetConfig)
    UART_SetConfig                           0x08003fd1   Thumb Code   198  stm32f1xx_hal_uart.o(i.UART_SetConfig)
    i.USART1_IRQHandler                      0x0800409c   Section        0  stm32f1xx_it.o(i.USART1_IRQHandler)
    i.UsageFault_Handler                     0x080040a8   Section        0  stm32f1xx_it.o(i.UsageFault_Handler)
    i.__ARM_fpclassify                       0x080040aa   Section        0  fpclassify.o(i.__ARM_fpclassify)
    i._is_digit                              0x080040d2   Section        0  __printf_wp.o(i._is_digit)
    i.btn_pressing_callback                  0x080040e0   Section        0  main.o(i.btn_pressing_callback)
    i.btn_release_callback                   0x08004104   Section        0  main.o(i.btn_release_callback)
    i.button_delay                           0x08004106   Section        0  button.o(i.button_delay)
    i.button_handle                          0x08004128   Section        0  button.o(i.button_handle)
    i.button_init                            0x08004188   Section        0  button.o(i.button_init)
    i.lcd_DateMonthYear                      0x08004190   Section        0  main.o(i.lcd_DateMonthYear)
    i.lcd_clear_display                      0x080042b0   Section        0  liquidcrystal_i2c.o(i.lcd_clear_display)
    i.lcd_handle                             0x080042c4   Section        0  main.o(i.lcd_handle)
    i.lcd_init                               0x080046b4   Section        0  liquidcrystal_i2c.o(i.lcd_init)
    i.lcd_printf                             0x08004726   Section        0  liquidcrystal_i2c.o(i.lcd_printf)
    i.lcd_send_cmd                           0x080047aa   Section        0  liquidcrystal_i2c.o(i.lcd_send_cmd)
    lcd_send_cmd                             0x080047ab   Thumb Code    74  liquidcrystal_i2c.o(i.lcd_send_cmd)
    i.lcd_set_cursor                         0x080047f4   Section        0  liquidcrystal_i2c.o(i.lcd_set_cursor)
    i.main                                   0x08004814   Section        0  main.o(i.main)
    i.set_alarm                              0x08004a30   Section        0  main.o(i.set_alarm)
    locale$$code                             0x08004cc8   Section       44  lc_numeric_c.o(locale$$code)
    locale$$code                             0x08004cf4   Section       44  lc_ctype_c.o(locale$$code)
    x$fpl$printf1                            0x08004d20   Section        4  printf1.o(x$fpl$printf1)
    x$fpl$printf2                            0x08004d24   Section        4  printf2.o(x$fpl$printf2)
    .constdata                               0x08004d28   Section       16  system_stm32f1xx.o(.constdata)
    x$fpl$usenofp                            0x08004d28   Section        0  usenofp.o(x$fpl$usenofp)
    .constdata                               0x08004d38   Section        8  system_stm32f1xx.o(.constdata)
    .constdata                               0x08004d40   Section        8  _printf_wctomb.o(.constdata)
    initial_mbstate                          0x08004d40   Data           8  _printf_wctomb.o(.constdata)
    .constdata                               0x08004d48   Section       40  _printf_hex_int_ll_ptr.o(.constdata)
    uc_hextab                                0x08004d48   Data          20  _printf_hex_int_ll_ptr.o(.constdata)
    lc_hextab                                0x08004d5c   Data          20  _printf_hex_int_ll_ptr.o(.constdata)
    .constdata                               0x08004d70   Section       17  __printf_flags_ss_wp.o(.constdata)
    maptable                                 0x08004d70   Data          17  __printf_flags_ss_wp.o(.constdata)
    .constdata                               0x08004d81   Section       38  _printf_fp_hex.o(.constdata)
    lc_hextab                                0x08004d81   Data          19  _printf_fp_hex.o(.constdata)
    uc_hextab                                0x08004d94   Data          19  _printf_fp_hex.o(.constdata)
    .constdata                               0x08004da8   Section      148  bigflt0.o(.constdata)
    tenpwrs_x                                0x08004da8   Data          60  bigflt0.o(.constdata)
    tenpwrs_i                                0x08004de4   Data          64  bigflt0.o(.constdata)
    locale$$data                             0x08004e5c   Section       28  lc_numeric_c.o(locale$$data)
    __lcnum_c_name                           0x08004e60   Data           2  lc_numeric_c.o(locale$$data)
    __lcnum_c_start                          0x08004e68   Data           0  lc_numeric_c.o(locale$$data)
    __lcnum_c_point                          0x08004e74   Data           0  lc_numeric_c.o(locale$$data)
    __lcnum_c_thousands                      0x08004e76   Data           0  lc_numeric_c.o(locale$$data)
    __lcnum_c_grouping                       0x08004e77   Data           0  lc_numeric_c.o(locale$$data)
    locale$$data                             0x08004e78   Section      272  lc_ctype_c.o(locale$$data)
    __lcnum_c_end                            0x08004e78   Data           0  lc_numeric_c.o(locale$$data)
    __lcctype_c_name                         0x08004e7c   Data           2  lc_ctype_c.o(locale$$data)
    __lcctype_c_start                        0x08004e84   Data           0  lc_ctype_c.o(locale$$data)
    __lcctype_c_end                          0x08004f88   Data           0  lc_ctype_c.o(locale$$data)
    .data                                    0x20000000   Section       16  main.o(.data)
    .data                                    0x20000010   Section       12  stm32f1xx_hal.o(.data)
    .data                                    0x2000001c   Section        4  system_stm32f1xx.o(.data)
    .bss                                     0x20000020   Section      404  main.o(.bss)
    .bss                                     0x200001b4   Section       96  libspace.o(.bss)
    HEAP                                     0x20000218   Section      512  startup_stm32f103xb.o(HEAP)
    Heap_Mem                                 0x20000218   Data         512  startup_stm32f103xb.o(HEAP)
    STACK                                    0x20000418   Section     1024  startup_stm32f103xb.o(STACK)
    Stack_Mem                                0x20000418   Data        1024  startup_stm32f103xb.o(STACK)
    __initial_sp                             0x20000818   Data           0  startup_stm32f103xb.o(STACK)

    Global Symbols

    Symbol Name                              Value     Ov Type        Size  Object(Section)

    BuildAttributes$$THM_ISAv4$P$D$K$B$S$PE$A:L22UL41UL21$X:L11$S22US41US21$IEEE1$IW$USESV6$~STKCKD$USESV7$~SHL$OTIME$ROPI$IEEEJ$EBA8$UX$STANDARDLIB$REQ8$PRES8$EABIv2 0x00000000   Number         0  anon$$obj.o ABSOLUTE
    __ARM_use_no_argv                        0x00000000   Number         0  main.o ABSOLUTE
    _printf_flags                            0x00000000   Number         0  printf_stubs.o ABSOLUTE
    _printf_return_value                     0x00000000   Number         0  printf_stubs.o ABSOLUTE
    _printf_sizespec                         0x00000000   Number         0  printf_stubs.o ABSOLUTE
    _printf_widthprec                        0x00000000   Number         0  printf_stubs.o ABSOLUTE
    __ARM_exceptions_init                     - Undefined Weak Reference
    __alloca_initialize                       - Undefined Weak Reference
    __arm_preinit_                            - Undefined Weak Reference
    __cpp_initialize__aeabi_                  - Undefined Weak Reference
    __cxa_finalize                            - Undefined Weak Reference
    __sigvec_lookup                           - Undefined Weak Reference
    _atexit_init                              - Undefined Weak Reference
    _call_atexit_fns                          - Undefined Weak Reference
    _clock_init                               - Undefined Weak Reference
    _fp_trap_init                             - Undefined Weak Reference
    _fp_trap_shutdown                         - Undefined Weak Reference
    _get_lc_collate                           - Undefined Weak Reference
    _get_lc_monetary                          - Undefined Weak Reference
    _get_lc_time                              - Undefined Weak Reference
    _getenv_init                              - Undefined Weak Reference
    _handle_redirection                       - Undefined Weak Reference
    _init_alloc                               - Undefined Weak Reference
    _init_user_alloc                          - Undefined Weak Reference
    _initio                                   - Undefined Weak Reference
    _printf_mbtowc                            - Undefined Weak Reference
    _printf_wc                                - Undefined Weak Reference
    _rand_init                                - Undefined Weak Reference
    _signal_finish                            - Undefined Weak Reference
    _signal_init                              - Undefined Weak Reference
    _terminate_alloc                          - Undefined Weak Reference
    _terminate_user_alloc                     - Undefined Weak Reference
    _terminateio                              - Undefined Weak Reference
    __Vectors_Size                           0x000000ec   Number         0  startup_stm32f103xb.o ABSOLUTE
    __Vectors                                0x08000000   Data           4  startup_stm32f103xb.o(RESET)
    __Vectors_End                            0x080000ec   Data           0  startup_stm32f103xb.o(RESET)
    __main                                   0x080000ed   Thumb Code     8  __main.o(!!!main)
    __scatterload                            0x080000f5   Thumb Code     0  __scatter.o(!!!scatter)
    __scatterload_rt2                        0x080000f5   Thumb Code    44  __scatter.o(!!!scatter)
    __scatterload_rt2_thumb_only             0x080000f5   Thumb Code     0  __scatter.o(!!!scatter)
    __scatterload_null                       0x08000103   Thumb Code     0  __scatter.o(!!!scatter)
    __scatterload_copy                       0x08000129   Thumb Code    26  __scatter_copy.o(!!handler_copy)
    __scatterload_zeroinit                   0x08000145   Thumb Code    28  __scatter_zi.o(!!handler_zi)
    _printf_n                                0x08000161   Thumb Code     0  _printf_n.o(.ARM.Collect$$_printf_percent$$00000001)
    _printf_percent                          0x08000161   Thumb Code     0  _printf_percent.o(.ARM.Collect$$_printf_percent$$00000000)
    _printf_p                                0x08000167   Thumb Code     0  _printf_p.o(.ARM.Collect$$_printf_percent$$00000002)
    _printf_f                                0x0800016d   Thumb Code     0  _printf_f.o(.ARM.Collect$$_printf_percent$$00000003)
    _printf_e                                0x08000173   Thumb Code     0  _printf_e.o(.ARM.Collect$$_printf_percent$$00000004)
    _printf_g                                0x08000179   Thumb Code     0  _printf_g.o(.ARM.Collect$$_printf_percent$$00000005)
    _printf_a                                0x0800017f   Thumb Code     0  _printf_a.o(.ARM.Collect$$_printf_percent$$00000006)
    _printf_ll                               0x08000185   Thumb Code     0  _printf_ll.o(.ARM.Collect$$_printf_percent$$00000007)
    _printf_i                                0x0800018f   Thumb Code     0  _printf_i.o(.ARM.Collect$$_printf_percent$$00000008)
    _printf_d                                0x08000195   Thumb Code     0  _printf_d.o(.ARM.Collect$$_printf_percent$$00000009)
    _printf_u                                0x0800019b   Thumb Code     0  _printf_u.o(.ARM.Collect$$_printf_percent$$0000000A)
    _printf_o                                0x080001a1   Thumb Code     0  _printf_o.o(.ARM.Collect$$_printf_percent$$0000000B)
    _printf_x                                0x080001a7   Thumb Code     0  _printf_x.o(.ARM.Collect$$_printf_percent$$0000000C)
    _printf_lli                              0x080001ad   Thumb Code     0  _printf_lli.o(.ARM.Collect$$_printf_percent$$0000000D)
    _printf_lld                              0x080001b3   Thumb Code     0  _printf_lld.o(.ARM.Collect$$_printf_percent$$0000000E)
    _printf_llu                              0x080001b9   Thumb Code     0  _printf_llu.o(.ARM.Collect$$_printf_percent$$0000000F)
    _printf_llo                              0x080001bf   Thumb Code     0  _printf_llo.o(.ARM.Collect$$_printf_percent$$00000010)
    _printf_llx                              0x080001c5   Thumb Code     0  _printf_llx.o(.ARM.Collect$$_printf_percent$$00000011)
    _printf_l                                0x080001cb   Thumb Code     0  _printf_l.o(.ARM.Collect$$_printf_percent$$00000012)
    _printf_c                                0x080001d5   Thumb Code     0  _printf_c.o(.ARM.Collect$$_printf_percent$$00000013)
    _printf_s                                0x080001db   Thumb Code     0  _printf_s.o(.ARM.Collect$$_printf_percent$$00000014)
    _printf_lc                               0x080001e1   Thumb Code     0  _printf_lc.o(.ARM.Collect$$_printf_percent$$00000015)
    _printf_ls                               0x080001e7   Thumb Code     0  _printf_ls.o(.ARM.Collect$$_printf_percent$$00000016)
    _printf_percent_end                      0x080001ed   Thumb Code     0  _printf_percent_end.o(.ARM.Collect$$_printf_percent$$00000017)
    __rt_lib_init                            0x080001f1   Thumb Code     0  libinit.o(.ARM.Collect$$libinit$$00000000)
    __rt_lib_init_fp_1                       0x080001f3   Thumb Code     0  libinit2.o(.ARM.Collect$$libinit$$00000002)
    __rt_lib_init_heap_1                     0x080001f3   Thumb Code     0  libinit2.o(.ARM.Collect$$libinit$$0000000A)
    __rt_lib_init_lc_common                  0x080001f3   Thumb Code     0  libinit2.o(.ARM.Collect$$libinit$$0000000F)
    __rt_lib_init_preinit_1                  0x080001f3   Thumb Code     0  libinit2.o(.ARM.Collect$$libinit$$00000004)
    __rt_lib_init_rand_1                     0x080001f3   Thumb Code     0  libinit2.o(.ARM.Collect$$libinit$$0000000E)
    __rt_lib_init_user_alloc_1               0x080001f3   Thumb Code     0  libinit2.o(.ARM.Collect$$libinit$$0000000C)
    __rt_lib_init_lc_collate_1               0x080001f9   Thumb Code     0  libinit2.o(.ARM.Collect$$libinit$$00000011)
    __rt_lib_init_lc_ctype_2                 0x080001f9   Thumb Code     0  libinit2.o(.ARM.Collect$$libinit$$00000012)
    __rt_lib_init_lc_ctype_1                 0x08000205   Thumb Code     0  libinit2.o(.ARM.Collect$$libinit$$00000013)
    __rt_lib_init_lc_monetary_1              0x08000205   Thumb Code     0  libinit2.o(.ARM.Collect$$libinit$$00000015)
    __rt_lib_init_lc_numeric_2               0x08000205   Thumb Code     0  libinit2.o(.ARM.Collect$$libinit$$00000016)
    __rt_lib_init_alloca_1                   0x0800020f   Thumb Code     0  libinit2.o(.ARM.Collect$$libinit$$0000002E)
    __rt_lib_init_argv_1                     0x0800020f   Thumb Code     0  libinit2.o(.ARM.Collect$$libinit$$0000002C)
    __rt_lib_init_atexit_1                   0x0800020f   Thumb Code     0  libinit2.o(.ARM.Collect$$libinit$$0000001B)
    __rt_lib_init_clock_1                    0x0800020f   Thumb Code     0  libinit2.o(.ARM.Collect$$libinit$$00000021)
    __rt_lib_init_cpp_1                      0x0800020f   Thumb Code     0  libinit2.o(.ARM.Collect$$libinit$$00000032)
    __rt_lib_init_exceptions_1               0x0800020f   Thumb Code     0  libinit2.o(.ARM.Collect$$libinit$$00000030)
    __rt_lib_init_fp_trap_1                  0x0800020f   Thumb Code     0  libinit2.o(.ARM.Collect$$libinit$$0000001F)
    __rt_lib_init_getenv_1                   0x0800020f   Thumb Code     0  libinit2.o(.ARM.Collect$$libinit$$00000023)
    __rt_lib_init_lc_numeric_1               0x0800020f   Thumb Code     0  libinit2.o(.ARM.Collect$$libinit$$00000017)
    __rt_lib_init_lc_time_1                  0x0800020f   Thumb Code     0  libinit2.o(.ARM.Collect$$libinit$$00000019)
    __rt_lib_init_return                     0x0800020f   Thumb Code     0  libinit2.o(.ARM.Collect$$libinit$$00000033)
    __rt_lib_init_signal_1                   0x0800020f   Thumb Code     0  libinit2.o(.ARM.Collect$$libinit$$0000001D)
    __rt_lib_init_stdio_1                    0x0800020f   Thumb Code     0  libinit2.o(.ARM.Collect$$libinit$$00000025)
    __rt_lib_shutdown                        0x08000211   Thumb Code     0  libshutdown.o(.ARM.Collect$$libshutdown$$00000000)
    __rt_lib_shutdown_cpp_1                  0x08000213   Thumb Code     0  libshutdown2.o(.ARM.Collect$$libshutdown$$00000002)
    __rt_lib_shutdown_fp_trap_1              0x08000213   Thumb Code     0  libshutdown2.o(.ARM.Collect$$libshutdown$$00000007)
    __rt_lib_shutdown_heap_1                 0x08000213   Thumb Code     0  libshutdown2.o(.ARM.Collect$$libshutdown$$0000000F)
    __rt_lib_shutdown_return                 0x08000213   Thumb Code     0  libshutdown2.o(.ARM.Collect$$libshutdown$$00000010)
    __rt_lib_shutdown_signal_1               0x08000213   Thumb Code     0  libshutdown2.o(.ARM.Collect$$libshutdown$$0000000A)
    __rt_lib_shutdown_stdio_1                0x08000213   Thumb Code     0  libshutdown2.o(.ARM.Collect$$libshutdown$$00000004)
    __rt_lib_shutdown_user_alloc_1           0x08000213   Thumb Code     0  libshutdown2.o(.ARM.Collect$$libshutdown$$0000000C)
    __rt_entry                               0x08000215   Thumb Code     0  __rtentry.o(.ARM.Collect$$rtentry$$00000000)
    __rt_entry_presh_1                       0x08000215   Thumb Code     0  __rtentry2.o(.ARM.Collect$$rtentry$$00000002)
    __rt_entry_sh                            0x08000215   Thumb Code     0  __rtentry4.o(.ARM.Collect$$rtentry$$00000004)
    __rt_entry_li                            0x0800021b   Thumb Code     0  __rtentry2.o(.ARM.Collect$$rtentry$$0000000A)
    __rt_entry_postsh_1                      0x0800021b   Thumb Code     0  __rtentry2.o(.ARM.Collect$$rtentry$$00000009)
    __rt_entry_main                          0x0800021f   Thumb Code     0  __rtentry2.o(.ARM.Collect$$rtentry$$0000000D)
    __rt_entry_postli_1                      0x0800021f   Thumb Code     0  __rtentry2.o(.ARM.Collect$$rtentry$$0000000C)
    __rt_exit                                0x08000227   Thumb Code     0  rtexit.o(.ARM.Collect$$rtexit$$00000000)
    __rt_exit_ls                             0x08000229   Thumb Code     0  rtexit2.o(.ARM.Collect$$rtexit$$00000003)
    __rt_exit_prels_1                        0x08000229   Thumb Code     0  rtexit2.o(.ARM.Collect$$rtexit$$00000002)
    __rt_exit_exit                           0x0800022d   Thumb Code     0  rtexit2.o(.ARM.Collect$$rtexit$$00000004)
    Reset_Handler                            0x08000235   Thumb Code     8  startup_stm32f103xb.o(.text)
    ADC1_2_IRQHandler                        0x0800024f   Thumb Code     0  startup_stm32f103xb.o(.text)
    CAN1_RX1_IRQHandler                      0x0800024f   Thumb Code     0  startup_stm32f103xb.o(.text)
    CAN1_SCE_IRQHandler                      0x0800024f   Thumb Code     0  startup_stm32f103xb.o(.text)
    DMA1_Channel1_IRQHandler                 0x0800024f   Thumb Code     0  startup_stm32f103xb.o(.text)
    DMA1_Channel2_IRQHandler                 0x0800024f   Thumb Code     0  startup_stm32f103xb.o(.text)
    DMA1_Channel3_IRQHandler                 0x0800024f   Thumb Code     0  startup_stm32f103xb.o(.text)
    DMA1_Channel4_IRQHandler                 0x0800024f   Thumb Code     0  startup_stm32f103xb.o(.text)
    DMA1_Channel5_IRQHandler                 0x0800024f   Thumb Code     0  startup_stm32f103xb.o(.text)
    DMA1_Channel6_IRQHandler                 0x0800024f   Thumb Code     0  startup_stm32f103xb.o(.text)
    DMA1_Channel7_IRQHandler                 0x0800024f   Thumb Code     0  startup_stm32f103xb.o(.text)
    EXTI0_IRQHandler                         0x0800024f   Thumb Code     0  startup_stm32f103xb.o(.text)
    EXTI15_10_IRQHandler                     0x0800024f   Thumb Code     0  startup_stm32f103xb.o(.text)
    EXTI1_IRQHandler                         0x0800024f   Thumb Code     0  startup_stm32f103xb.o(.text)
    EXTI2_IRQHandler                         0x0800024f   Thumb Code     0  startup_stm32f103xb.o(.text)
    EXTI3_IRQHandler                         0x0800024f   Thumb Code     0  startup_stm32f103xb.o(.text)
    EXTI4_IRQHandler                         0x0800024f   Thumb Code     0  startup_stm32f103xb.o(.text)
    EXTI9_5_IRQHandler                       0x0800024f   Thumb Code     0  startup_stm32f103xb.o(.text)
    FLASH_IRQHandler                         0x0800024f   Thumb Code     0  startup_stm32f103xb.o(.text)
    I2C1_ER_IRQHandler                       0x0800024f   Thumb Code     0  startup_stm32f103xb.o(.text)
    I2C1_EV_IRQHandler                       0x0800024f   Thumb Code     0  startup_stm32f103xb.o(.text)
    I2C2_ER_IRQHandler                       0x0800024f   Thumb Code     0  startup_stm32f103xb.o(.text)
    I2C2_EV_IRQHandler                       0x0800024f   Thumb Code     0  startup_stm32f103xb.o(.text)
    PVD_IRQHandler                           0x0800024f   Thumb Code     0  startup_stm32f103xb.o(.text)
    RCC_IRQHandler                           0x0800024f   Thumb Code     0  startup_stm32f103xb.o(.text)
    RTC_Alarm_IRQHandler                     0x0800024f   Thumb Code     0  startup_stm32f103xb.o(.text)
    RTC_IRQHandler                           0x0800024f   Thumb Code     0  startup_stm32f103xb.o(.text)
    SPI1_IRQHandler                          0x0800024f   Thumb Code     0  startup_stm32f103xb.o(.text)
    SPI2_IRQHandler                          0x0800024f   Thumb Code     0  startup_stm32f103xb.o(.text)
    TAMPER_IRQHandler                        0x0800024f   Thumb Code     0  startup_stm32f103xb.o(.text)
    TIM1_BRK_IRQHandler                      0x0800024f   Thumb Code     0  startup_stm32f103xb.o(.text)
    TIM1_CC_IRQHandler                       0x0800024f   Thumb Code     0  startup_stm32f103xb.o(.text)
    TIM1_TRG_COM_IRQHandler                  0x0800024f   Thumb Code     0  startup_stm32f103xb.o(.text)
    TIM1_UP_IRQHandler                       0x0800024f   Thumb Code     0  startup_stm32f103xb.o(.text)
    TIM2_IRQHandler                          0x0800024f   Thumb Code     0  startup_stm32f103xb.o(.text)
    TIM3_IRQHandler                          0x0800024f   Thumb Code     0  startup_stm32f103xb.o(.text)
    TIM4_IRQHandler                          0x0800024f   Thumb Code     0  startup_stm32f103xb.o(.text)
    USART2_IRQHandler                        0x0800024f   Thumb Code     0  startup_stm32f103xb.o(.text)
    USART3_IRQHandler                        0x0800024f   Thumb Code     0  startup_stm32f103xb.o(.text)
    USBWakeUp_IRQHandler                     0x0800024f   Thumb Code     0  startup_stm32f103xb.o(.text)
    USB_HP_CAN1_TX_IRQHandler                0x0800024f   Thumb Code     0  startup_stm32f103xb.o(.text)
    USB_LP_CAN1_RX0_IRQHandler               0x0800024f   Thumb Code     0  startup_stm32f103xb.o(.text)
    WWDG_IRQHandler                          0x0800024f   Thumb Code     0  startup_stm32f103xb.o(.text)
    __user_initial_stackheap                 0x08000251   Thumb Code     0  startup_stm32f103xb.o(.text)
    vsprintf                                 0x08000275   Thumb Code    32  vsprintf.o(.text)
    strlen                                   0x08000299   Thumb Code    62  strlen.o(.text)
    __use_two_region_memory                  0x080002d7   Thumb Code     2  heapauxi.o(.text)
    __rt_heap_escrow$2region                 0x080002d9   Thumb Code     2  heapauxi.o(.text)
    __rt_heap_expand$2region                 0x080002db   Thumb Code     2  heapauxi.o(.text)
    _printf_pre_padding                      0x080002dd   Thumb Code    44  _printf_pad.o(.text)
    _printf_post_padding                     0x08000309   Thumb Code    34  _printf_pad.o(.text)
    _printf_truncate_signed                  0x0800032b   Thumb Code    18  _printf_truncate.o(.text)
    _printf_truncate_unsigned                0x0800033d   Thumb Code    18  _printf_truncate.o(.text)
    _printf_str                              0x0800034f   Thumb Code    82  _printf_str.o(.text)
    _printf_int_dec                          0x080003a1   Thumb Code   104  _printf_dec.o(.text)
    _printf_charcount                        0x08000419   Thumb Code    40  _printf_charcount.o(.text)
    _printf_char_common                      0x0800044b   Thumb Code    32  _printf_char_common.o(.text)
    _sputc                                   0x08000471   Thumb Code    10  _sputc.o(.text)
    _printf_wctomb                           0x0800047d   Thumb Code   182  _printf_wctomb.o(.text)
    _printf_longlong_dec                     0x08000539   Thumb Code   108  _printf_longlong_dec.o(.text)
    _printf_longlong_oct                     0x080005b5   Thumb Code    68  _printf_oct_int_ll.o(.text)
    _printf_int_oct                          0x080005f9   Thumb Code    24  _printf_oct_int_ll.o(.text)
    _printf_ll_oct                           0x08000611   Thumb Code    12  _printf_oct_int_ll.o(.text)
    _printf_longlong_hex                     0x08000625   Thumb Code    86  _printf_hex_int_ll_ptr.o(.text)
    _printf_int_hex                          0x0800067b   Thumb Code    28  _printf_hex_int_ll_ptr.o(.text)
    _printf_ll_hex                           0x08000697   Thumb Code    12  _printf_hex_int_ll_ptr.o(.text)
    _printf_hex_ptr                          0x080006a3   Thumb Code    18  _printf_hex_int_ll_ptr.o(.text)
    __printf                                 0x080006b9   Thumb Code   388  __printf_flags_ss_wp.o(.text)
    _ll_udiv10                               0x08000841   Thumb Code   138  lludiv10.o(.text)
    _printf_int_common                       0x080008cb   Thumb Code   178  _printf_intcommon.o(.text)
    __lib_sel_fp_printf                      0x0800097d   Thumb Code     2  _printf_fp_dec.o(.text)
    _printf_fp_dec_real                      0x08000b2b   Thumb Code   620  _printf_fp_dec.o(.text)
    _printf_fp_hex_real                      0x08000d99   Thumb Code   754  _printf_fp_hex.o(.text)
    _printf_cs_common                        0x08001095   Thumb Code    20  _printf_char.o(.text)
    _printf_char                             0x080010a9   Thumb Code    16  _printf_char.o(.text)
    _printf_string                           0x080010b9   Thumb Code     8  _printf_char.o(.text)
    _printf_lcs_common                       0x080010c1   Thumb Code    20  _printf_wchar.o(.text)
    _printf_wchar                            0x080010d5   Thumb Code    16  _printf_wchar.o(.text)
    _printf_wstring                          0x080010e5   Thumb Code     8  _printf_wchar.o(.text)
    _wcrtomb                                 0x080010ed   Thumb Code    64  _wcrtomb.o(.text)
    __user_setup_stackheap                   0x0800112d   Thumb Code    74  sys_stackheap_outer.o(.text)
    __rt_ctype_table                         0x08001179   Thumb Code    16  rt_ctype_table.o(.text)
    __rt_locale                              0x08001189   Thumb Code     8  rt_locale_intlibspace.o(.text)
    _printf_fp_infnan                        0x08001191   Thumb Code   112  _printf_fp_infnan.o(.text)
    _btod_etento                             0x08001211   Thumb Code   216  bigflt0.o(.text)
    exit                                     0x080012ed   Thumb Code    18  exit.o(.text)
    __user_libspace                          0x08001301   Thumb Code     8  libspace.o(.text)
    __user_perproc_libspace                  0x08001301   Thumb Code     0  libspace.o(.text)
    __user_perthread_libspace                0x08001301   Thumb Code     0  libspace.o(.text)
    strcmp                                   0x08001309   Thumb Code   128  strcmpv7m.o(.text)
    _sys_exit                                0x08001389   Thumb Code     8  sys_exit.o(.text)
    __I$use$semihosting                      0x08001395   Thumb Code     0  use_no_semi.o(.text)
    __use_no_semihosting_swi                 0x08001395   Thumb Code     2  use_no_semi.o(.text)
    __semihosting_library_function           0x08001397   Thumb Code     0  indicate_semi.o(.text)
    _btod_d2e                                0x08001397   Thumb Code    62  btod.o(CL$$btod_d2e)
    _d2e_denorm_low                          0x080013d5   Thumb Code    70  btod.o(CL$$btod_d2e_denorm_low)
    _d2e_norm_op1                            0x0800141b   Thumb Code    96  btod.o(CL$$btod_d2e_norm_op1)
    __btod_div_common                        0x0800147b   Thumb Code   696  btod.o(CL$$btod_div_common)
    _e2e                                     0x080017b3   Thumb Code   198  btod.o(CL$$btod_e2e)
    _btod_ediv                               0x08001879   Thumb Code    40  btod.o(CL$$btod_ediv)
    _btod_emul                               0x080018a1   Thumb Code    40  btod.o(CL$$btod_emul)
    __btod_mult_common                       0x080018c9   Thumb Code   580  btod.o(CL$$btod_mult_common)
    ADC_ConversionStop_Disable               0x08001b0d   Thumb Code    94  stm32f1xx_hal_adc.o(i.ADC_ConversionStop_Disable)
    ADC_Enable                               0x08001b6d   Thumb Code   184  stm32f1xx_hal_adc.o(i.ADC_Enable)
    BusFault_Handler                         0x08001c2d   Thumb Code     2  stm32f1xx_it.o(i.BusFault_Handler)
    DebugMon_Handler                         0x08001c2f   Thumb Code     2  stm32f1xx_it.o(i.DebugMon_Handler)
    HAL_ADCEx_Calibration_Start              0x08001c31   Thumb Code   296  stm32f1xx_hal_adc_ex.o(i.HAL_ADCEx_Calibration_Start)
    HAL_ADC_ConfigChannel                    0x08001d5d   Thumb Code   338  stm32f1xx_hal_adc.o(i.HAL_ADC_ConfigChannel)
    HAL_ADC_GetValue                         0x08001eb9   Thumb Code     6  stm32f1xx_hal_adc.o(i.HAL_ADC_GetValue)
    HAL_ADC_Init                             0x08001ec1   Thumb Code   274  stm32f1xx_hal_adc.o(i.HAL_ADC_Init)
    HAL_ADC_MspInit                          0x08001fe1   Thumb Code    84  stm32f1xx_hal_msp.o(i.HAL_ADC_MspInit)
    HAL_ADC_PollForConversion                0x0800203d   Thumb Code   342  stm32f1xx_hal_adc.o(i.HAL_ADC_PollForConversion)
    HAL_ADC_Start                            0x080021a1   Thumb Code   204  stm32f1xx_hal_adc.o(i.HAL_ADC_Start)
    HAL_ADC_Stop                             0x08002275   Thumb Code    50  stm32f1xx_hal_adc.o(i.HAL_ADC_Stop)
    HAL_DMA_Abort                            0x080022a7   Thumb Code    72  stm32f1xx_hal_dma.o(i.HAL_DMA_Abort)
    HAL_DMA_Abort_IT                         0x080022f1   Thumb Code   140  stm32f1xx_hal_dma.o(i.HAL_DMA_Abort_IT)
    HAL_Delay                                0x08002399   Thumb Code    34  stm32f1xx_hal.o(i.HAL_Delay)
    HAL_GPIO_Init                            0x080023c1   Thumb Code   462  stm32f1xx_hal_gpio.o(i.HAL_GPIO_Init)
    HAL_GPIO_ReadPin                         0x080025a5   Thumb Code    10  stm32f1xx_hal_gpio.o(i.HAL_GPIO_ReadPin)
    HAL_GPIO_TogglePin                       0x080025af   Thumb Code    16  stm32f1xx_hal_gpio.o(i.HAL_GPIO_TogglePin)
    HAL_GPIO_WritePin                        0x080025bf   Thumb Code    10  stm32f1xx_hal_gpio.o(i.HAL_GPIO_WritePin)
    HAL_GetTick                              0x080025c9   Thumb Code     6  stm32f1xx_hal.o(i.HAL_GetTick)
    HAL_I2C_Init                             0x080025d5   Thumb Code   408  stm32f1xx_hal_i2c.o(i.HAL_I2C_Init)
    HAL_I2C_Master_Receive                   0x0800277d   Thumb Code   956  stm32f1xx_hal_i2c.o(i.HAL_I2C_Master_Receive)
    HAL_I2C_Master_Transmit                  0x08002b4d   Thumb Code   532  stm32f1xx_hal_i2c.o(i.HAL_I2C_Master_Transmit)
    HAL_I2C_MspInit                          0x08002d71   Thumb Code   142  stm32f1xx_hal_msp.o(i.HAL_I2C_MspInit)
    HAL_IncTick                              0x08002e09   Thumb Code    12  stm32f1xx_hal.o(i.HAL_IncTick)
    HAL_Init                                 0x08002e19   Thumb Code    32  stm32f1xx_hal.o(i.HAL_Init)
    HAL_InitTick                             0x08002e3d   Thumb Code    54  stm32f1xx_hal.o(i.HAL_InitTick)
    HAL_MspInit                              0x08002e7d   Thumb Code    54  stm32f1xx_hal_msp.o(i.HAL_MspInit)
    HAL_NVIC_EnableIRQ                       0x08002ebd   Thumb Code    30  stm32f1xx_hal_cortex.o(i.HAL_NVIC_EnableIRQ)
    HAL_NVIC_SetPriority                     0x08002edd   Thumb Code    96  stm32f1xx_hal_cortex.o(i.HAL_NVIC_SetPriority)
    HAL_NVIC_SetPriorityGrouping             0x08002f41   Thumb Code    30  stm32f1xx_hal_cortex.o(i.HAL_NVIC_SetPriorityGrouping)
    HAL_RCCEx_GetPeriphCLKFreq               0x08002f65   Thumb Code   222  stm32f1xx_hal_rcc_ex.o(i.HAL_RCCEx_GetPeriphCLKFreq)
    HAL_RCCEx_PeriphCLKConfig                0x08003069   Thumb Code   286  stm32f1xx_hal_rcc_ex.o(i.HAL_RCCEx_PeriphCLKConfig)
    HAL_RCC_ClockConfig                      0x08003195   Thumb Code   414  stm32f1xx_hal_rcc.o(i.HAL_RCC_ClockConfig)
    HAL_RCC_GetPCLK1Freq                     0x08003359   Thumb Code    20  stm32f1xx_hal_rcc.o(i.HAL_RCC_GetPCLK1Freq)
    HAL_RCC_GetPCLK2Freq                     0x08003379   Thumb Code    20  stm32f1xx_hal_rcc.o(i.HAL_RCC_GetPCLK2Freq)
    HAL_RCC_GetSysClockFreq                  0x08003399   Thumb Code    86  stm32f1xx_hal_rcc.o(i.HAL_RCC_GetSysClockFreq)
    HAL_RCC_OscConfig                        0x08003411   Thumb Code   948  stm32f1xx_hal_rcc.o(i.HAL_RCC_OscConfig)
    HAL_SYSTICK_Config                       0x080037d9   Thumb Code    38  stm32f1xx_hal_cortex.o(i.HAL_SYSTICK_Config)
    HAL_UARTEx_RxEventCallback               0x08003805   Thumb Code     2  stm32f1xx_hal_uart.o(i.HAL_UARTEx_RxEventCallback)
    HAL_UART_ErrorCallback                   0x08003807   Thumb Code     2  stm32f1xx_hal_uart.o(i.HAL_UART_ErrorCallback)
    HAL_UART_IRQHandler                      0x08003809   Thumb Code   618  stm32f1xx_hal_uart.o(i.HAL_UART_IRQHandler)
    HAL_UART_Init                            0x08003a79   Thumb Code    98  stm32f1xx_hal_uart.o(i.HAL_UART_Init)
    HAL_UART_MspInit                         0x08003add   Thumb Code   124  stm32f1xx_hal_msp.o(i.HAL_UART_MspInit)
    HAL_UART_Receive_IT                      0x08003b61   Thumb Code    86  stm32f1xx_hal_uart.o(i.HAL_UART_Receive_IT)
    HAL_UART_RxCpltCallback                  0x08003bb9   Thumb Code    96  main.o(i.HAL_UART_RxCpltCallback)
    HAL_UART_TxCpltCallback                  0x08003c3d   Thumb Code     2  stm32f1xx_hal_uart.o(i.HAL_UART_TxCpltCallback)
    HardFault_Handler                        0x08003c3f   Thumb Code     2  stm32f1xx_it.o(i.HardFault_Handler)
    MemManage_Handler                        0x08003e37   Thumb Code     2  stm32f1xx_it.o(i.MemManage_Handler)
    NMI_Handler                              0x08003e39   Thumb Code     2  stm32f1xx_it.o(i.NMI_Handler)
    PendSV_Handler                           0x08003e3b   Thumb Code     2  stm32f1xx_it.o(i.PendSV_Handler)
    RTC_Init                                 0x08003e3d   Thumb Code     4  rtc.o(i.RTC_Init)
    RTC_ReadTime                             0x08003e41   Thumb Code   188  rtc.o(i.RTC_ReadTime)
    SVC_Handler                              0x08003efd   Thumb Code     2  stm32f1xx_it.o(i.SVC_Handler)
    SysTick_Handler                          0x08003eff   Thumb Code     4  stm32f1xx_it.o(i.SysTick_Handler)
    SystemInit                               0x08003f03   Thumb Code     2  system_stm32f1xx.o(i.SystemInit)
    USART1_IRQHandler                        0x0800409d   Thumb Code     6  stm32f1xx_it.o(i.USART1_IRQHandler)
    UsageFault_Handler                       0x080040a9   Thumb Code     2  stm32f1xx_it.o(i.UsageFault_Handler)
    __ARM_fpclassify                         0x080040ab   Thumb Code    40  fpclassify.o(i.__ARM_fpclassify)
    _is_digit                                0x080040d3   Thumb Code    14  __printf_wp.o(i._is_digit)
    btn_pressing_callback                    0x080040e1   Thumb Code    28  main.o(i.btn_pressing_callback)
    btn_release_callback                     0x08004105   Thumb Code     2  main.o(i.btn_release_callback)
    button_delay                             0x08004107   Thumb Code    34  button.o(i.button_delay)
    button_handle                            0x08004129   Thumb Code    96  button.o(i.button_handle)
    button_init                              0x08004189   Thumb Code     6  button.o(i.button_init)
    lcd_DateMonthYear                        0x08004191   Thumb Code   208  main.o(i.lcd_DateMonthYear)
    lcd_clear_display                        0x080042b1   Thumb Code    18  liquidcrystal_i2c.o(i.lcd_clear_display)
    lcd_handle                               0x080042c5   Thumb Code   852  main.o(i.lcd_handle)
    lcd_init                                 0x080046b5   Thumb Code   114  liquidcrystal_i2c.o(i.lcd_init)
    lcd_printf                               0x08004727   Thumb Code   132  liquidcrystal_i2c.o(i.lcd_printf)
    lcd_set_cursor                           0x080047f5   Thumb Code    26  liquidcrystal_i2c.o(i.lcd_set_cursor)
    main                                     0x08004815   Thumb Code   478  main.o(i.main)
    set_alarm                                0x08004a31   Thumb Code   558  main.o(i.set_alarm)
    _get_lc_numeric                          0x08004cc9   Thumb Code    44  lc_numeric_c.o(locale$$code)
    _get_lc_ctype                            0x08004cf5   Thumb Code    44  lc_ctype_c.o(locale$$code)
    _printf_fp_dec                           0x08004d21   Thumb Code     4  printf1.o(x$fpl$printf1)
    _printf_fp_hex                           0x08004d25   Thumb Code     4  printf2.o(x$fpl$printf2)
    AHBPrescTable                            0x08004d28   Data          16  system_stm32f1xx.o(.constdata)
    __I$use$fp                               0x08004d28   Number         0  usenofp.o(x$fpl$usenofp)
    APBPrescTable                            0x08004d38   Data           8  system_stm32f1xx.o(.constdata)
    Region$$Table$$Base                      0x08004e3c   Number         0  anon$$obj.o(Region$$Table)
    Region$$Table$$Limit                     0x08004e5c   Number         0  anon$$obj.o(Region$$Table)
    __ctype                                  0x08004e85   Data           0  lc_ctype_c.o(locale$$data)
    check                                    0x20000000   Data           1  main.o(.data)
    hour2                                    0x20000001   Data           1  main.o(.data)
    min2                                     0x20000002   Data           1  main.o(.data)
    second2                                  0x20000003   Data           1  main.o(.data)
    pin                                      0x20000004   Data           1  main.o(.data)
    checkMinHour                             0x20000005   Data           1  main.o(.data)
    checkhand                                0x20000006   Data           1  main.o(.data)
    sethour                                  0x20000007   Data           1  main.o(.data)
    setmin                                   0x20000008   Data           1  main.o(.data)
    setsecond                                0x20000009   Data           1  main.o(.data)
    data_Uart                                0x2000000a   Data           1  main.o(.data)
    value                                    0x2000000c   Data           4  main.o(.data)
    uwTickFreq                               0x20000010   Data           1  stm32f1xx_hal.o(.data)
    uwTickPrio                               0x20000014   Data           4  stm32f1xx_hal.o(.data)
    uwTick                                   0x20000018   Data           4  stm32f1xx_hal.o(.data)
    SystemCoreClock                          0x2000001c   Data           4  system_stm32f1xx.o(.data)
    hadc1                                    0x20000020   Data          48  main.o(.bss)
    hi2c1                                    0x20000050   Data          84  main.o(.bss)
    hi2c2                                    0x200000a4   Data          84  main.o(.bss)
    huart1                                   0x200000f8   Data          68  main.o(.bss)
    hrtc1                                    0x2000013c   Data          12  main.o(.bss)
    hlcd                                     0x20000148   Data          12  main.o(.bss)
    button1                                  0x20000154   Data          24  main.o(.bss)
    button2                                  0x2000016c   Data          24  main.o(.bss)
    button3                                  0x20000184   Data          24  main.o(.bss)
    button4                                  0x2000019c   Data          24  main.o(.bss)
    __libspace_start                         0x200001b4   Data          96  libspace.o(.bss)
    __temporary_stack_top$libspace           0x20000214   Data           0  libspace.o(.bss)



==============================================================================

Memory Map of the image

  Image Entry point : 0x080000ed

  Load Region LR_IROM1 (Base: 0x08000000, Size: 0x00004fa8, Max: 0x00010000, ABSOLUTE)

    Execution Region ER_IROM1 (Base: 0x08000000, Size: 0x00004f88, Max: 0x00010000, ABSOLUTE)

    Base Addr    Size         Type   Attr      Idx    E Section Name        Object

    0x08000000   0x000000ec   Data   RO            3    RESET               startup_stm32f103xb.o
    0x080000ec   0x00000008   Code   RO         2589  * !!!main             c_w.l(__main.o)
    0x080000f4   0x00000034   Code   RO         2910    !!!scatter          c_w.l(__scatter.o)
    0x08000128   0x0000001a   Code   RO         2912    !!handler_copy      c_w.l(__scatter_copy.o)
    0x08000142   0x00000002   PAD
    0x08000144   0x0000001c   Code   RO         2914    !!handler_zi        c_w.l(__scatter_zi.o)
    0x08000160   0x00000000   Code   RO         2673    .ARM.Collect$$_printf_percent$$00000000  c_w.l(_printf_percent.o)
    0x08000160   0x00000006   Code   RO         2662    .ARM.Collect$$_printf_percent$$00000001  c_w.l(_printf_n.o)
    0x08000166   0x00000006   Code   RO         2664    .ARM.Collect$$_printf_percent$$00000002  c_w.l(_printf_p.o)
    0x0800016c   0x00000006   Code   RO         2669    .ARM.Collect$$_printf_percent$$00000003  c_w.l(_printf_f.o)
    0x08000172   0x00000006   Code   RO         2670    .ARM.Collect$$_printf_percent$$00000004  c_w.l(_printf_e.o)
    0x08000178   0x00000006   Code   RO         2671    .ARM.Collect$$_printf_percent$$00000005  c_w.l(_printf_g.o)
    0x0800017e   0x00000006   Code   RO         2672    .ARM.Collect$$_printf_percent$$00000006  c_w.l(_printf_a.o)
    0x08000184   0x0000000a   Code   RO         2677    .ARM.Collect$$_printf_percent$$00000007  c_w.l(_printf_ll.o)
    0x0800018e   0x00000006   Code   RO         2666    .ARM.Collect$$_printf_percent$$00000008  c_w.l(_printf_i.o)
    0x08000194   0x00000006   Code   RO         2667    .ARM.Collect$$_printf_percent$$00000009  c_w.l(_printf_d.o)
    0x0800019a   0x00000006   Code   RO         2668    .ARM.Collect$$_printf_percent$$0000000A  c_w.l(_printf_u.o)
    0x080001a0   0x00000006   Code   RO         2665    .ARM.Collect$$_printf_percent$$0000000B  c_w.l(_printf_o.o)
    0x080001a6   0x00000006   Code   RO         2663    .ARM.Collect$$_printf_percent$$0000000C  c_w.l(_printf_x.o)
    0x080001ac   0x00000006   Code   RO         2674    .ARM.Collect$$_printf_percent$$0000000D  c_w.l(_printf_lli.o)
    0x080001b2   0x00000006   Code   RO         2675    .ARM.Collect$$_printf_percent$$0000000E  c_w.l(_printf_lld.o)
    0x080001b8   0x00000006   Code   RO         2676    .ARM.Collect$$_printf_percent$$0000000F  c_w.l(_printf_llu.o)
    0x080001be   0x00000006   Code   RO         2681    .ARM.Collect$$_printf_percent$$00000010  c_w.l(_printf_llo.o)
    0x080001c4   0x00000006   Code   RO         2682    .ARM.Collect$$_printf_percent$$00000011  c_w.l(_printf_llx.o)
    0x080001ca   0x0000000a   Code   RO         2678    .ARM.Collect$$_printf_percent$$00000012  c_w.l(_printf_l.o)
    0x080001d4   0x00000006   Code   RO         2660    .ARM.Collect$$_printf_percent$$00000013  c_w.l(_printf_c.o)
    0x080001da   0x00000006   Code   RO         2661    .ARM.Collect$$_printf_percent$$00000014  c_w.l(_printf_s.o)
    0x080001e0   0x00000006   Code   RO         2679    .ARM.Collect$$_printf_percent$$00000015  c_w.l(_printf_lc.o)
    0x080001e6   0x00000006   Code   RO         2680    .ARM.Collect$$_printf_percent$$00000016  c_w.l(_printf_ls.o)
    0x080001ec   0x00000004   Code   RO         2721    .ARM.Collect$$_printf_percent$$00000017  c_w.l(_printf_percent_end.o)
    0x080001f0   0x00000002   Code   RO         2770    .ARM.Collect$$libinit$$00000000  c_w.l(libinit.o)
    0x080001f2   0x00000000   Code   RO         2787    .ARM.Collect$$libinit$$00000002  c_w.l(libinit2.o)
    0x080001f2   0x00000000   Code   RO         2789    .ARM.Collect$$libinit$$00000004  c_w.l(libinit2.o)
    0x080001f2   0x00000000   Code   RO         2792    .ARM.Collect$$libinit$$0000000A  c_w.l(libinit2.o)
    0x080001f2   0x00000000   Code   RO         2794    .ARM.Collect$$libinit$$0000000C  c_w.l(libinit2.o)
    0x080001f2   0x00000000   Code   RO         2796    .ARM.Collect$$libinit$$0000000E  c_w.l(libinit2.o)
    0x080001f2   0x00000006   Code   RO         2797    .ARM.Collect$$libinit$$0000000F  c_w.l(libinit2.o)
    0x080001f8   0x00000000   Code   RO         2799    .ARM.Collect$$libinit$$00000011  c_w.l(libinit2.o)
    0x080001f8   0x0000000c   Code   RO         2800    .ARM.Collect$$libinit$$00000012  c_w.l(libinit2.o)
    0x08000204   0x00000000   Code   RO         2801    .ARM.Collect$$libinit$$00000013  c_w.l(libinit2.o)
    0x08000204   0x00000000   Code   RO         2803    .ARM.Collect$$libinit$$00000015  c_w.l(libinit2.o)
    0x08000204   0x0000000a   Code   RO         2804    .ARM.Collect$$libinit$$00000016  c_w.l(libinit2.o)
    0x0800020e   0x00000000   Code   RO         2805    .ARM.Collect$$libinit$$00000017  c_w.l(libinit2.o)
    0x0800020e   0x00000000   Code   RO         2807    .ARM.Collect$$libinit$$00000019  c_w.l(libinit2.o)
    0x0800020e   0x00000000   Code   RO         2809    .ARM.Collect$$libinit$$0000001B  c_w.l(libinit2.o)
    0x0800020e   0x00000000   Code   RO         2811    .ARM.Collect$$libinit$$0000001D  c_w.l(libinit2.o)
    0x0800020e   0x00000000   Code   RO         2813    .ARM.Collect$$libinit$$0000001F  c_w.l(libinit2.o)
    0x0800020e   0x00000000   Code   RO         2815    .ARM.Collect$$libinit$$00000021  c_w.l(libinit2.o)
    0x0800020e   0x00000000   Code   RO         2817    .ARM.Collect$$libinit$$00000023  c_w.l(libinit2.o)
    0x0800020e   0x00000000   Code   RO         2819    .ARM.Collect$$libinit$$00000025  c_w.l(libinit2.o)
    0x0800020e   0x00000000   Code   RO         2823    .ARM.Collect$$libinit$$0000002C  c_w.l(libinit2.o)
    0x0800020e   0x00000000   Code   RO         2825    .ARM.Collect$$libinit$$0000002E  c_w.l(libinit2.o)
    0x0800020e   0x00000000   Code   RO         2827    .ARM.Collect$$libinit$$00000030  c_w.l(libinit2.o)
    0x0800020e   0x00000000   Code   RO         2829    .ARM.Collect$$libinit$$00000032  c_w.l(libinit2.o)
    0x0800020e   0x00000002   Code   RO         2830    .ARM.Collect$$libinit$$00000033  c_w.l(libinit2.o)
    0x08000210   0x00000002   Code   RO         2850    .ARM.Collect$$libshutdown$$00000000  c_w.l(libshutdown.o)
    0x08000212   0x00000000   Code   RO         2863    .ARM.Collect$$libshutdown$$00000002  c_w.l(libshutdown2.o)
    0x08000212   0x00000000   Code   RO         2865    .ARM.Collect$$libshutdown$$00000004  c_w.l(libshutdown2.o)
    0x08000212   0x00000000   Code   RO         2868    .ARM.Collect$$libshutdown$$00000007  c_w.l(libshutdown2.o)
    0x08000212   0x00000000   Code   RO         2871    .ARM.Collect$$libshutdown$$0000000A  c_w.l(libshutdown2.o)
    0x08000212   0x00000000   Code   RO         2873    .ARM.Collect$$libshutdown$$0000000C  c_w.l(libshutdown2.o)
    0x08000212   0x00000000   Code   RO         2876    .ARM.Collect$$libshutdown$$0000000F  c_w.l(libshutdown2.o)
    0x08000212   0x00000002   Code   RO         2877    .ARM.Collect$$libshutdown$$00000010  c_w.l(libshutdown2.o)
    0x08000214   0x00000000   Code   RO         2591    .ARM.Collect$$rtentry$$00000000  c_w.l(__rtentry.o)
    0x08000214   0x00000000   Code   RO         2692    .ARM.Collect$$rtentry$$00000002  c_w.l(__rtentry2.o)
    0x08000214   0x00000006   Code   RO         2704    .ARM.Collect$$rtentry$$00000004  c_w.l(__rtentry4.o)
    0x0800021a   0x00000000   Code   RO         2694    .ARM.Collect$$rtentry$$00000009  c_w.l(__rtentry2.o)
    0x0800021a   0x00000004   Code   RO         2695    .ARM.Collect$$rtentry$$0000000A  c_w.l(__rtentry2.o)
    0x0800021e   0x00000000   Code   RO         2697    .ARM.Collect$$rtentry$$0000000C  c_w.l(__rtentry2.o)
    0x0800021e   0x00000008   Code   RO         2698    .ARM.Collect$$rtentry$$0000000D  c_w.l(__rtentry2.o)
    0x08000226   0x00000002   Code   RO         2779    .ARM.Collect$$rtexit$$00000000  c_w.l(rtexit.o)
    0x08000228   0x00000000   Code   RO         2832    .ARM.Collect$$rtexit$$00000002  c_w.l(rtexit2.o)
    0x08000228   0x00000004   Code   RO         2833    .ARM.Collect$$rtexit$$00000003  c_w.l(rtexit2.o)
    0x0800022c   0x00000006   Code   RO         2834    .ARM.Collect$$rtexit$$00000004  c_w.l(rtexit2.o)
    0x08000232   0x00000002   PAD
    0x08000234   0x00000040   Code   RO            4    .text               startup_stm32f103xb.o
    0x08000274   0x00000024   Code   RO         2583    .text               c_w.l(vsprintf.o)
    0x08000298   0x0000003e   Code   RO         2585    .text               c_w.l(strlen.o)
    0x080002d6   0x00000006   Code   RO         2587    .text               c_w.l(heapauxi.o)
    0x080002dc   0x0000004e   Code   RO         2594    .text               c_w.l(_printf_pad.o)
    0x0800032a   0x00000024   Code   RO         2596    .text               c_w.l(_printf_truncate.o)
    0x0800034e   0x00000052   Code   RO         2598    .text               c_w.l(_printf_str.o)
    0x080003a0   0x00000078   Code   RO         2600    .text               c_w.l(_printf_dec.o)
    0x08000418   0x00000028   Code   RO         2602    .text               c_w.l(_printf_charcount.o)
    0x08000440   0x00000030   Code   RO         2604    .text               c_w.l(_printf_char_common.o)
    0x08000470   0x0000000a   Code   RO         2606    .text               c_w.l(_sputc.o)
    0x0800047a   0x00000002   PAD
    0x0800047c   0x000000bc   Code   RO         2608    .text               c_w.l(_printf_wctomb.o)
    0x08000538   0x0000007c   Code   RO         2611    .text               c_w.l(_printf_longlong_dec.o)
    0x080005b4   0x00000070   Code   RO         2617    .text               c_w.l(_printf_oct_int_ll.o)
    0x08000624   0x00000094   Code   RO         2637    .text               c_w.l(_printf_hex_int_ll_ptr.o)
    0x080006b8   0x00000188   Code   RO         2657    .text               c_w.l(__printf_flags_ss_wp.o)
    0x08000840   0x0000008a   Code   RO         2706    .text               c_w.l(lludiv10.o)
    0x080008ca   0x000000b2   Code   RO         2708    .text               c_w.l(_printf_intcommon.o)
    0x0800097c   0x0000041a   Code   RO         2710    .text               c_w.l(_printf_fp_dec.o)
    0x08000d96   0x00000002   PAD
    0x08000d98   0x000002fc   Code   RO         2712    .text               c_w.l(_printf_fp_hex.o)
    0x08001094   0x0000002c   Code   RO         2717    .text               c_w.l(_printf_char.o)
    0x080010c0   0x0000002c   Code   RO         2719    .text               c_w.l(_printf_wchar.o)
    0x080010ec   0x00000040   Code   RO         2722    .text               c_w.l(_wcrtomb.o)
    0x0800112c   0x0000004a   Code   RO         2724    .text               c_w.l(sys_stackheap_outer.o)
    0x08001176   0x00000002   PAD
    0x08001178   0x00000010   Code   RO         2726    .text               c_w.l(rt_ctype_table.o)
    0x08001188   0x00000008   Code   RO         2731    .text               c_w.l(rt_locale_intlibspace.o)
    0x08001190   0x00000080   Code   RO         2733    .text               c_w.l(_printf_fp_infnan.o)
    0x08001210   0x000000dc   Code   RO         2735    .text               c_w.l(bigflt0.o)
    0x080012ec   0x00000012   Code   RO         2763    .text               c_w.l(exit.o)
    0x080012fe   0x00000002   PAD
    0x08001300   0x00000008   Code   RO         2776    .text               c_w.l(libspace.o)
    0x08001308   0x00000080   Code   RO         2784    .text               c_w.l(strcmpv7m.o)
    0x08001388   0x0000000c   Code   RO         2842    .text               c_w.l(sys_exit.o)
    0x08001394   0x00000002   Code   RO         2853    .text               c_w.l(use_no_semi.o)
    0x08001396   0x00000000   Code   RO         2855    .text               c_w.l(indicate_semi.o)
    0x08001396   0x0000003e   Code   RO         2738    CL$$btod_d2e        c_w.l(btod.o)
    0x080013d4   0x00000046   Code   RO         2740    CL$$btod_d2e_denorm_low  c_w.l(btod.o)
    0x0800141a   0x00000060   Code   RO         2739    CL$$btod_d2e_norm_op1  c_w.l(btod.o)
    0x0800147a   0x00000338   Code   RO         2748    CL$$btod_div_common  c_w.l(btod.o)
    0x080017b2   0x000000c6   Code   RO         2745    CL$$btod_e2e        c_w.l(btod.o)
    0x08001878   0x00000028   Code   RO         2742    CL$$btod_ediv       c_w.l(btod.o)
    0x080018a0   0x00000028   Code   RO         2741    CL$$btod_emul       c_w.l(btod.o)
    0x080018c8   0x00000244   Code   RO         2747    CL$$btod_mult_common  c_w.l(btod.o)
    0x08001b0c   0x0000005e   Code   RO         2035    i.ADC_ConversionStop_Disable  stm32f1xx_hal_adc.o
    0x08001b6a   0x00000002   PAD
    0x08001b6c   0x000000c0   Code   RO         2039    i.ADC_Enable        stm32f1xx_hal_adc.o
    0x08001c2c   0x00000002   Code   RO          190    i.BusFault_Handler  stm32f1xx_it.o
    0x08001c2e   0x00000002   Code   RO          191    i.DebugMon_Handler  stm32f1xx_it.o
    0x08001c30   0x0000012c   Code   RO         2215    i.HAL_ADCEx_Calibration_Start  stm32f1xx_hal_adc_ex.o
    0x08001d5c   0x0000015c   Code   RO         2041    i.HAL_ADC_ConfigChannel  stm32f1xx_hal_adc.o
    0x08001eb8   0x00000006   Code   RO         2048    i.HAL_ADC_GetValue  stm32f1xx_hal_adc.o
    0x08001ebe   0x00000002   PAD
    0x08001ec0   0x00000120   Code   RO         2050    i.HAL_ADC_Init      stm32f1xx_hal_adc.o
    0x08001fe0   0x0000005c   Code   RO          273    i.HAL_ADC_MspInit   stm32f1xx_hal_msp.o
    0x0800203c   0x00000164   Code   RO         2054    i.HAL_ADC_PollForConversion  stm32f1xx_hal_adc.o
    0x080021a0   0x000000d4   Code   RO         2056    i.HAL_ADC_Start     stm32f1xx_hal_adc.o
    0x08002274   0x00000032   Code   RO         2059    i.HAL_ADC_Stop      stm32f1xx_hal_adc.o
    0x080022a6   0x00000048   Code   RO         1107    i.HAL_DMA_Abort     stm32f1xx_hal_dma.o
    0x080022ee   0x00000002   PAD
    0x080022f0   0x000000a8   Code   RO         1108    i.HAL_DMA_Abort_IT  stm32f1xx_hal_dma.o
    0x08002398   0x00000028   Code   RO          737    i.HAL_Delay         stm32f1xx_hal.o
    0x080023c0   0x000001e4   Code   RO         1044    i.HAL_GPIO_Init     stm32f1xx_hal_gpio.o
    0x080025a4   0x0000000a   Code   RO         1046    i.HAL_GPIO_ReadPin  stm32f1xx_hal_gpio.o
    0x080025ae   0x00000010   Code   RO         1047    i.HAL_GPIO_TogglePin  stm32f1xx_hal_gpio.o
    0x080025be   0x0000000a   Code   RO         1048    i.HAL_GPIO_WritePin  stm32f1xx_hal_gpio.o
    0x080025c8   0x0000000c   Code   RO          741    i.HAL_GetTick       stm32f1xx_hal.o
    0x080025d4   0x000001a8   Code   RO          379    i.HAL_I2C_Init      stm32f1xx_hal_i2c.o
    0x0800277c   0x000003d0   Code   RO          385    i.HAL_I2C_Master_Receive  stm32f1xx_hal_i2c.o
    0x08002b4c   0x00000224   Code   RO          392    i.HAL_I2C_Master_Transmit  stm32f1xx_hal_i2c.o
    0x08002d70   0x00000098   Code   RO          275    i.HAL_I2C_MspInit   stm32f1xx_hal_msp.o
    0x08002e08   0x00000010   Code   RO          747    i.HAL_IncTick       stm32f1xx_hal.o
    0x08002e18   0x00000024   Code   RO          748    i.HAL_Init          stm32f1xx_hal.o
    0x08002e3c   0x00000040   Code   RO          749    i.HAL_InitTick      stm32f1xx_hal.o
    0x08002e7c   0x00000040   Code   RO          276    i.HAL_MspInit       stm32f1xx_hal_msp.o
    0x08002ebc   0x0000001e   Code   RO         1199    i.HAL_NVIC_EnableIRQ  stm32f1xx_hal_cortex.o
    0x08002eda   0x00000002   PAD
    0x08002edc   0x00000064   Code   RO         1205    i.HAL_NVIC_SetPriority  stm32f1xx_hal_cortex.o
    0x08002f40   0x00000024   Code   RO         1206    i.HAL_NVIC_SetPriorityGrouping  stm32f1xx_hal_cortex.o
    0x08002f64   0x00000104   Code   RO         1006    i.HAL_RCCEx_GetPeriphCLKFreq  stm32f1xx_hal_rcc_ex.o
    0x08003068   0x0000012c   Code   RO         1007    i.HAL_RCCEx_PeriphCLKConfig  stm32f1xx_hal_rcc_ex.o
    0x08003194   0x000001c4   Code   RO          905    i.HAL_RCC_ClockConfig  stm32f1xx_hal_rcc.o
    0x08003358   0x00000020   Code   RO          912    i.HAL_RCC_GetPCLK1Freq  stm32f1xx_hal_rcc.o
    0x08003378   0x00000020   Code   RO          913    i.HAL_RCC_GetPCLK2Freq  stm32f1xx_hal_rcc.o
    0x08003398   0x00000078   Code   RO          914    i.HAL_RCC_GetSysClockFreq  stm32f1xx_hal_rcc.o
    0x08003410   0x000003c8   Code   RO          917    i.HAL_RCC_OscConfig  stm32f1xx_hal_rcc.o
    0x080037d8   0x0000002c   Code   RO         1210    i.HAL_SYSTICK_Config  stm32f1xx_hal_cortex.o
    0x08003804   0x00000002   Code   RO         1705    i.HAL_UARTEx_RxEventCallback  stm32f1xx_hal_uart.o
    0x08003806   0x00000002   Code   RO         1719    i.HAL_UART_ErrorCallback  stm32f1xx_hal_uart.o
    0x08003808   0x00000270   Code   RO         1722    i.HAL_UART_IRQHandler  stm32f1xx_hal_uart.o
    0x08003a78   0x00000062   Code   RO         1723    i.HAL_UART_Init     stm32f1xx_hal_uart.o
    0x08003ada   0x00000002   PAD
    0x08003adc   0x00000084   Code   RO          278    i.HAL_UART_MspInit  stm32f1xx_hal_msp.o
    0x08003b60   0x00000056   Code   RO         1728    i.HAL_UART_Receive_IT  stm32f1xx_hal_uart.o
    0x08003bb6   0x00000002   PAD
    0x08003bb8   0x00000084   Code   RO           14    i.HAL_UART_RxCpltCallback  main.o
    0x08003c3c   0x00000002   Code   RO         1734    i.HAL_UART_TxCpltCallback  stm32f1xx_hal_uart.o
    0x08003c3e   0x00000002   Code   RO          192    i.HardFault_Handler  stm32f1xx_it.o
    0x08003c40   0x000000a6   Code   RO          424    i.I2C_WaitOnFlagUntilTimeout  stm32f1xx_hal_i2c.o
    0x08003ce6   0x000000c8   Code   RO          425    i.I2C_WaitOnMasterAddressFlagUntilTimeout  stm32f1xx_hal_i2c.o
    0x08003dae   0x00000088   Code   RO          426    i.I2C_WaitOnTXEFlagUntilTimeout  stm32f1xx_hal_i2c.o
    0x08003e36   0x00000002   Code   RO          193    i.MemManage_Handler  stm32f1xx_it.o
    0x08003e38   0x00000002   Code   RO          194    i.NMI_Handler       stm32f1xx_it.o
    0x08003e3a   0x00000002   Code   RO          195    i.PendSV_Handler    stm32f1xx_it.o
    0x08003e3c   0x00000004   Code   RO         2351    i.RTC_Init          rtc.o
    0x08003e40   0x000000bc   Code   RO         2352    i.RTC_ReadTime      rtc.o
    0x08003efc   0x00000002   Code   RO          196    i.SVC_Handler       stm32f1xx_it.o
    0x08003efe   0x00000004   Code   RO          197    i.SysTick_Handler   stm32f1xx_it.o
    0x08003f02   0x00000002   Code   RO         2312    i.SystemInit        system_stm32f1xx.o
    0x08003f04   0x00000010   Code   RO         1736    i.UART_DMAAbortOnError  stm32f1xx_hal_uart.o
    0x08003f14   0x000000ba   Code   RO         1746    i.UART_Receive_IT   stm32f1xx_hal_uart.o
    0x08003fce   0x00000002   PAD
    0x08003fd0   0x000000cc   Code   RO         1747    i.UART_SetConfig    stm32f1xx_hal_uart.o
    0x0800409c   0x0000000c   Code   RO          198    i.USART1_IRQHandler  stm32f1xx_it.o
    0x080040a8   0x00000002   Code   RO          199    i.UsageFault_Handler  stm32f1xx_it.o
    0x080040aa   0x00000028   Code   RO         2774    i.__ARM_fpclassify  m_ws.l(fpclassify.o)
    0x080040d2   0x0000000e   Code   RO         2650    i._is_digit         c_w.l(__printf_wp.o)
    0x080040e0   0x00000024   Code   RO           16    i.btn_pressing_callback  main.o
    0x08004104   0x00000002   Code   RO           17    i.btn_release_callback  main.o
    0x08004106   0x00000022   Code   RO         2526    i.button_delay      button.o
    0x08004128   0x00000060   Code   RO         2527    i.button_handle     button.o
    0x08004188   0x00000006   Code   RO         2528    i.button_init       button.o
    0x0800418e   0x00000002   PAD
    0x08004190   0x00000120   Code   RO           18    i.lcd_DateMonthYear  main.o
    0x080042b0   0x00000012   Code   RO         2398    i.lcd_clear_display  liquidcrystal_i2c.o
    0x080042c2   0x00000002   PAD
    0x080042c4   0x000003f0   Code   RO           19    i.lcd_handle        main.o
    0x080046b4   0x00000072   Code   RO         2402    i.lcd_init          liquidcrystal_i2c.o
    0x08004726   0x00000084   Code   RO         2403    i.lcd_printf        liquidcrystal_i2c.o
    0x080047aa   0x0000004a   Code   RO         2405    i.lcd_send_cmd      liquidcrystal_i2c.o
    0x080047f4   0x00000020   Code   RO         2406    i.lcd_set_cursor    liquidcrystal_i2c.o
    0x08004814   0x0000021c   Code   RO           20    i.main              main.o
    0x08004a30   0x00000298   Code   RO           21    i.set_alarm         main.o
    0x08004cc8   0x0000002c   Code   RO         2761    locale$$code        c_w.l(lc_numeric_c.o)
    0x08004cf4   0x0000002c   Code   RO         2782    locale$$code        c_w.l(lc_ctype_c.o)
    0x08004d20   0x00000004   Code   RO         2683    x$fpl$printf1       fz_ws.l(printf1.o)
    0x08004d24   0x00000004   Code   RO         2685    x$fpl$printf2       fz_ws.l(printf2.o)
    0x08004d28   0x00000000   Code   RO         2773    x$fpl$usenofp       fz_ws.l(usenofp.o)
    0x08004d28   0x00000010   Data   RO         2313    .constdata          system_stm32f1xx.o
    0x08004d38   0x00000008   Data   RO         2314    .constdata          system_stm32f1xx.o
    0x08004d40   0x00000008   Data   RO         2609    .constdata          c_w.l(_printf_wctomb.o)
    0x08004d48   0x00000028   Data   RO         2638    .constdata          c_w.l(_printf_hex_int_ll_ptr.o)
    0x08004d70   0x00000011   Data   RO         2658    .constdata          c_w.l(__printf_flags_ss_wp.o)
    0x08004d81   0x00000026   Data   RO         2713    .constdata          c_w.l(_printf_fp_hex.o)
    0x08004da7   0x00000001   PAD
    0x08004da8   0x00000094   Data   RO         2736    .constdata          c_w.l(bigflt0.o)
    0x08004e3c   0x00000020   Data   RO         2908    Region$$Table       anon$$obj.o
    0x08004e5c   0x0000001c   Data   RO         2760    locale$$data        c_w.l(lc_numeric_c.o)
    0x08004e78   0x00000110   Data   RO         2781    locale$$data        c_w.l(lc_ctype_c.o)


    Execution Region RW_IRAM1 (Base: 0x20000000, Size: 0x00000818, Max: 0x00005000, ABSOLUTE)

    Base Addr    Size         Type   Attr      Idx    E Section Name        Object

    0x20000000   0x00000010   Data   RW           24    .data               main.o
    0x20000010   0x0000000c   Data   RW          755    .data               stm32f1xx_hal.o
    0x2000001c   0x00000004   Data   RW         2315    .data               system_stm32f1xx.o
    0x20000020   0x00000194   Zero   RW           22    .bss                main.o
    0x200001b4   0x00000060   Zero   RW         2777    .bss                c_w.l(libspace.o)
    0x20000214   0x00000004   PAD
    0x20000218   0x00000200   Zero   RW            2    HEAP                startup_stm32f103xb.o
    0x20000418   0x00000400   Zero   RW            1    STACK               startup_stm32f103xb.o


==============================================================================

Image component sizes


      Code (inc. data)   RO Data    RW Data    ZI Data      Debug   Object Name

       136          0          0          0          0       1929   button.o
       370          6          0          0          0       4380   liquidcrystal_i2c.o
      2670        456          0         16        404     431257   main.o
       192          0          0          0          0       1736   rtc.o
        64         26        236          0       1536        788   startup_stm32f103xb.o
       168         30          0         12          0       5709   stm32f1xx_hal.o
      1546         54          0          0          0       7599   stm32f1xx_hal_adc.o
       300          4          0          0          0       1762   stm32f1xx_hal_adc_ex.o
       210         16          0          0          0      28407   stm32f1xx_hal_cortex.o
       240         28          0          0          0       1731   stm32f1xx_hal_dma.o
       520         22          0          0          0       3916   stm32f1xx_hal_gpio.o
      2450         52          0          0          0      10934   stm32f1xx_hal_i2c.o
       440         36          0          0          0       3049   stm32f1xx_hal_msp.o
      1604        116          0          0          0       5610   stm32f1xx_hal_rcc.o
       560         52          0          0          0       2809   stm32f1xx_hal_rcc_ex.o
      1220         12          0          0          0       7619   stm32f1xx_hal_uart.o
        32          6          0          0          0       4062   stm32f1xx_it.o
         2          0         24          4          0       1047   system_stm32f1xx.o

    ----------------------------------------------------------------------
     12742        916        292         32       1940     524344   Object Totals
         0          0         32          0          0          0   (incl. Generated)
        18          0          0          0          0          0   (incl. Padding)

    ----------------------------------------------------------------------

      Code (inc. data)   RO Data    RW Data    ZI Data      Debug   Library Member Name

         8          0          0          0          0         68   __main.o
       392          4         17          0          0         92   __printf_flags_ss_wp.o
        14          0          0          0          0         68   __printf_wp.o
         0          0          0          0          0          0   __rtentry.o
        12          0          0          0          0          0   __rtentry2.o
         6          0          0          0          0          0   __rtentry4.o
        52          8          0          0          0          0   __scatter.o
        26          0          0          0          0          0   __scatter_copy.o
        28          0          0          0          0          0   __scatter_zi.o
         6          0          0          0          0          0   _printf_a.o
         6          0          0          0          0          0   _printf_c.o
        44          0          0          0          0        108   _printf_char.o
        48          6          0          0          0         96   _printf_char_common.o
        40          0          0          0          0         68   _printf_charcount.o
         6          0          0          0          0          0   _printf_d.o
       120         16          0          0          0         92   _printf_dec.o
         6          0          0          0          0          0   _printf_e.o
         6          0          0          0          0          0   _printf_f.o
      1050          0          0          0          0        216   _printf_fp_dec.o
       764         10         38          0          0        100   _printf_fp_hex.o
       128         16          0          0          0         84   _printf_fp_infnan.o
         6          0          0          0          0          0   _printf_g.o
       148          4         40          0          0        160   _printf_hex_int_ll_ptr.o
         6          0          0          0          0          0   _printf_i.o
       178          0          0          0          0         88   _printf_intcommon.o
        10          0          0          0          0          0   _printf_l.o
         6          0          0          0          0          0   _printf_lc.o
        10          0          0          0          0          0   _printf_ll.o
         6          0          0          0          0          0   _printf_lld.o
         6          0          0          0          0          0   _printf_lli.o
         6          0          0          0          0          0   _printf_llo.o
         6          0          0          0          0          0   _printf_llu.o
         6          0          0          0          0          0   _printf_llx.o
       124         16          0          0          0         92   _printf_longlong_dec.o
         6          0          0          0          0          0   _printf_ls.o
         6          0          0          0          0          0   _printf_n.o
         6          0          0          0          0          0   _printf_o.o
       112          8          0          0          0        124   _printf_oct_int_ll.o
         6          0          0          0          0          0   _printf_p.o
        78          0          0          0          0        108   _printf_pad.o
         0          0          0          0          0          0   _printf_percent.o
         4          0          0          0          0          0   _printf_percent_end.o
         6          0          0          0          0          0   _printf_s.o
        82          0          0          0          0         80   _printf_str.o
        36          0          0          0          0         84   _printf_truncate.o
         6          0          0          0          0          0   _printf_u.o
        44          0          0          0          0        108   _printf_wchar.o
       188          6          8          0          0         92   _printf_wctomb.o
         6          0          0          0          0          0   _printf_x.o
        10          0          0          0          0         68   _sputc.o
        64          0          0          0          0         92   _wcrtomb.o
       220          4        148          0          0         96   bigflt0.o
      1910        128          0          0          0        672   btod.o
        18          0          0          0          0         80   exit.o
         6          0          0          0          0        152   heapauxi.o
         0          0          0          0          0          0   indicate_semi.o
        44         10        272          0          0         76   lc_ctype_c.o
        44         10         28          0          0         76   lc_numeric_c.o
         2          0          0          0          0          0   libinit.o
        30          0          0          0          0          0   libinit2.o
         2          0          0          0          0          0   libshutdown.o
         2          0          0          0          0          0   libshutdown2.o
         8          4          0          0         96         68   libspace.o
       138          0          0          0          0         80   lludiv10.o
        16          4          0          0          0         76   rt_ctype_table.o
         8          4          0          0          0         68   rt_locale_intlibspace.o
         2          0          0          0          0          0   rtexit.o
        10          0          0          0          0          0   rtexit2.o
       128          0          0          0          0         68   strcmpv7m.o
        62          0          0          0          0         76   strlen.o
        12          4          0          0          0         68   sys_exit.o
        74          0          0          0          0         80   sys_stackheap_outer.o
         2          0          0          0          0         68   use_no_semi.o
        36          4          0          0          0         76   vsprintf.o
         4          0          0          0          0         68   printf1.o
         4          0          0          0          0         68   printf2.o
         0          0          0          0          0          0   usenofp.o
        40          0          0          0          0         68   fpclassify.o

    ----------------------------------------------------------------------
      6774        266        552          0        100       4172   Library Totals
        12          0          1          0          4          0   (incl. Padding)

    ----------------------------------------------------------------------

      Code (inc. data)   RO Data    RW Data    ZI Data      Debug   Library Name

      6714        266        551          0         96       3968   c_w.l
         8          0          0          0          0        136   fz_ws.l
        40          0          0          0          0         68   m_ws.l

    ----------------------------------------------------------------------
      6774        266        552          0        100       4172   Library Totals

    ----------------------------------------------------------------------

==============================================================================


      Code (inc. data)   RO Data    RW Data    ZI Data      Debug   

     19516       1182        844         32       2040     522428   Grand Totals
     19516       1182        844         32       2040     522428   ELF Image Totals
     19516       1182        844         32          0          0   ROM Totals

==============================================================================

    Total RO  Size (Code + RO Data)                20360 (  19.88kB)
    Total RW  Size (RW Data + ZI Data)              2072 (   2.02kB)
    Total ROM Size (Code + RO Data + RW Data)      20392 (  19.91kB)

==============================================================================

